[    0.000000] Booting Linux on physical CPU 0x0000000000 [0x410fd421]
[    0.000000] Linux version 5.10.120-tegra (axio@axio-desktop) (aarch64-buildroot-linux-gnu-gcc.br_real (Buildroot 2020.08) 9.3.0, GNU ld (GNU Binutils) 2.33.1) #1 SMP PREEMPT Tue Dec 5 17:35:41 CST 2023
[    0.000000] OF: fdt: memory scan node memory@80000000, reg size 16,
[    0.000000] OF: fdt:  - 80000000 ,  c0000000
[    0.000000] Machine model: AIE510-ONX
[    0.000000] efi: EFI v2.70 by EDK II
[    0.000000] efi: RTPROP=0x466eb2698 SMBIOS=0xffff0000 SMBIOS 3.0=0x447620000 MEMATTR=0x44844a018 ESRT=0x44848bc18 RNG=0x44883f198 MEMRESERVE=0x448453c18 
[    0.000000] efi: seeding entropy pool
[    0.000000] esrt: Reserving ESRT space from 0x000000044848bc18 to 0x000000044848bc50.
[    0.000000] Reserved memory: created CMA memory pool at 0x000000045a800000, size 256 MiB
[    0.000000] OF: reserved mem: initialized node linux,cma, compatible id shared-dma-pool
[    0.000000] Zone ranges:
[    0.000000]   DMA      [mem 0x0000000080000000-0x00000000ffffffff]
[    0.000000]   DMA32    empty
[    0.000000]   Normal   [mem 0x0000000100000000-0x0000000473ffffff]
[    0.000000] Movable zone start for each node
[    0.000000] Early memory node ranges
[    0.000000]   node   0: [mem 0x0000000080000000-0x00000000fffdffff]
[    0.000000]   node   0: [mem 0x00000000fffe0000-0x00000000ffffffff]
[    0.000000]   node   0: [mem 0x0000000100000000-0x0000000446ec8fff]
[    0.000000]   node   0: [mem 0x0000000446ec9000-0x000000044710efff]
[    0.000000]   node   0: [mem 0x000000044710f000-0x000000044732ffff]
[    0.000000]   node   0: [mem 0x0000000447330000-0x00000004473cffff]
[    0.000000]   node   0: [mem 0x00000004473d0000-0x000000044760ffff]
[    0.000000]   node   0: [mem 0x0000000447610000-0x000000044762ffff]
[    0.000000]   node   0: [mem 0x0000000447630000-0x00000004482fffff]
[    0.000000]   node   0: [mem 0x0000000448300000-0x000000044839ffff]
[    0.000000]   node   0: [mem 0x00000004483a0000-0x00000004483effff]
[    0.000000]   node   0: [mem 0x00000004483f0000-0x000000044841ffff]
[    0.000000]   node   0: [mem 0x0000000448420000-0x000000044845ffff]
[    0.000000]   node   0: [mem 0x0000000448460000-0x000000044847ffff]
[    0.000000]   node   0: [mem 0x0000000448480000-0x000000044851ffff]
[    0.000000]   node   0: [mem 0x0000000448520000-0x000000044853ffff]
[    0.000000]   node   0: [mem 0x0000000448540000-0x000000044858ffff]
[    0.000000]   node   0: [mem 0x0000000448590000-0x000000044876ffff]
[    0.000000]   node   0: [mem 0x0000000448770000-0x000000044882ffff]
[    0.000000]   node   0: [mem 0x0000000448830000-0x00000004488dffff]
[    0.000000]   node   0: [mem 0x00000004488e0000-0x000000044892ffff]
[    0.000000]   node   0: [mem 0x0000000448930000-0x0000000448b5ffff]
[    0.000000]   node   0: [mem 0x0000000448b60000-0x0000000448beffff]
[    0.000000]   node   0: [mem 0x0000000448bf0000-0x0000000448c3ffff]
[    0.000000]   node   0: [mem 0x0000000448c40000-0x0000000448c6ffff]
[    0.000000]   node   0: [mem 0x0000000448c70000-0x0000000448d0ffff]
[    0.000000]   node   0: [mem 0x0000000448d10000-0x0000000448d5ffff]
[    0.000000]   node   0: [mem 0x0000000448d60000-0x0000000448dfffff]
[    0.000000]   node   0: [mem 0x0000000448e00000-0x00000004492dffff]
[    0.000000]   node   0: [mem 0x00000004492e0000-0x00000004494bffff]
[    0.000000]   node   0: [mem 0x00000004494c0000-0x000000046ab2ffff]
[    0.000000]   node   0: [mem 0x000000046ab30000-0x000000046ab7ffff]
[    0.000000]   node   0: [mem 0x000000046ab80000-0x000000046ea0ffff]
[    0.000000]   node   0: [mem 0x000000046ea10000-0x000000046ea1ffff]
[    0.000000]   node   0: [mem 0x0000000472000000-0x0000000473ffffff]
[    0.000000] Initmem setup node 0 [mem 0x0000000080000000-0x0000000473ffffff]
[    0.000000] On node 0 totalpages: 4131360
[    0.000000]   DMA zone: 8192 pages used for memmap
[    0.000000]   DMA zone: 0 pages reserved
[    0.000000]   DMA zone: 524288 pages, LIFO batch:63
[    0.000000]   Normal zone: 56576 pages used for memmap
[    0.000000]   Normal zone: 3607072 pages, LIFO batch:63
[    0.000000] On node 0, zone Normal: 480 pages in unavailable ranges
[    0.000000] psci: probing for conduit method from DT.
[    0.000000] psci: PSCIv1.1 detected in firmware.
[    0.000000] psci: Using standard PSCI v0.2 function IDs
[    0.000000] psci: Trusted OS migration not required
[    0.000000] psci: SMC Calling Convention v1.2
[    0.000000] percpu: Embedded 32 pages/cpu s90328 r8192 d32552 u131072
[    0.000000] pcpu-alloc: s90328 r8192 d32552 u131072 alloc=32*4096
[    0.000000] pcpu-alloc: [0] 0 [0] 1 [0] 2 [0] 3 [0] 4 [0] 5 [0] 6 [0] 7 
[    0.000000] Detected PIPT I-cache on CPU0
[    0.000000] CPU features: detected: GIC system register CPU interface
[    0.000000] CPU features: detected: Virtualization Host Extensions
[    0.000000] CPU features: kernel page table isolation forced ON by KASLR
[    0.000000] CPU features: detected: Kernel page table isolation (KPTI)
[    0.000000] CPU features: detected: Spectre-v4
[    0.000000] CPU features: detected: Spectre-BHB
[    0.000000] alternatives: patching kernel code
[    0.000000] Built 1 zonelists, mobility grouping on.  Total pages: 4066592
[    0.000000] Kernel command line: quiet root=PARTUUID=d80cd0b2-61f6-4157-89ab-d54513230d41 rw rootwait rootfstype=ext4 mminit_loglevel=4 console=ttyTCU0,115200 console=ttyAMA0,115200 firmware_class.path=/etc/firmware fbcon=map:0 net.ifnames=0 nospectre_bhb 
[    0.000000] Dentry cache hash table entries: 2097152 (order: 12, 16777216 bytes, linear)
[    0.000000] Inode-cache hash table entries: 1048576 (order: 11, 8388608 bytes, linear)
[    0.000000] mem auto-init: stack:off, heap alloc:off, heap free:off
[    0.000000] software IO TLB: mapped [mem 0x00000000effe0000-0x00000000fffe0000] (256MB)
[    0.000000] Memory: 15620116K/16525440K available (18496K kernel code, 3166K rwdata, 7164K rodata, 3968K init, 1416K bss, 643180K reserved, 262144K cma-reserved)
[    0.000000] SLUB: HWalign=64, Order=0-3, MinObjects=0, CPUs=8, Nodes=1
[    0.000000] rcu: Preemptible hierarchical RCU implementation.
[    0.000000] rcu: 	RCU event tracing is enabled.
[    0.000000] rcu: 	RCU restricting CPUs from NR_CPUS=256 to nr_cpu_ids=8.
[    0.000000] 	Trampoline variant of Tasks RCU enabled.
[    0.000000] 	Rude variant of Tasks RCU enabled.
[    0.000000] 	Tracing variant of Tasks RCU enabled.
[    0.000000] rcu: RCU calculated value of scheduler-enlistment delay is 25 jiffies.
[    0.000000] rcu: Adjusting geometry for rcu_fanout_leaf=16, nr_cpu_ids=8
[    0.000000] NR_IRQS: 64, nr_irqs: 64, preallocated irqs: 0
[    0.000000] GICv3: GIC: Using split EOI/Deactivate mode
[    0.000000] GICv3: 960 SPIs implemented
[    0.000000] GICv3: 0 Extended SPIs implemented
[    0.000000] GICv3: Distributor has no Range Selector support
[    0.000000] GICv3: 16 PPIs implemented
[    0.000000] GICv3: CPU0: found redistributor 0 region 0:0x000000000f440000
[    0.000000] GICv2m: DT overriding V2M MSI_TYPER (base:608, num:70)
[    0.000000] GICv2m: range[mem 0x0f410000-0x0f41ffff], SPI[608:677]
[    0.000000] arch_timer: cp15 timer(s) running at 31.25MHz (phys).
[    0.000000] clocksource: arch_sys_counter: mask: 0xffffffffffffff max_cycles: 0xe6a171046, max_idle_ns: 881590405314 ns
[    0.000003] sched_clock: 56 bits at 31MHz, resolution 32ns, wraps every 4398046511088ns
[    0.000644] Console: colour dummy device 80x25
[    0.000685] Calibrating delay loop (skipped), value calculated using timer frequency.. 62.50 BogoMIPS (lpj=125000)
[    0.000693] pid_max: default: 32768 minimum: 301
[    0.000801] LSM: Security Framework initializing
[    0.000827] Yama: becoming mindful.
[    0.000850] SELinux:  Initializing.
[    0.000936] Mount-cache hash table entries: 32768 (order: 6, 262144 bytes, linear)
[    0.000960] Mountpoint-cache hash table entries: 32768 (order: 6, 262144 bytes, linear)
[    0.002100] rcu: Hierarchical SRCU implementation.
[    0.002196] dyndbg: Ignore empty _ddebug table in a CONFIG_DYNAMIC_DEBUG_CORE build
[    0.002714] DTS File Name: /home/axio/project/PSB907/test/JP5.1.2_L4T35.4.1/sources/kernel/kernel-5.10/arch/arm64/boot/dts/../../../../../../hardware/nvidia/platform/t23x/p3768/kernel-dts/tegra234-p3767-0000-p3768-0000-a0.dts
[    0.002719] DTB Build time: Dec  5 2023 17:40:15
[    0.003973] Tegra Revision: A01 SKU: 0xd3 CPU Process: 0 SoC Process: 0
[    0.004141] Remapping and enabling EFI services.
[    0.004631] smp: Bringing up secondary CPUs ...
[    0.033344] Detected PIPT I-cache on CPU1
[    0.033385] GICv3: CPU1: found redistributor 100 region 0:0x000000000f460000
[    0.033418] CPU1: Booted secondary processor 0x0000000100 [0x410fd421]
[    0.062086] Detected PIPT I-cache on CPU2
[    0.062097] GICv3: CPU2: found redistributor 200 region 0:0x000000000f480000
[    0.062113] CPU2: Booted secondary processor 0x0000000200 [0x410fd421]
[    0.090730] Detected PIPT I-cache on CPU3
[    0.090739] GICv3: CPU3: found redistributor 300 region 0:0x000000000f4a0000
[    0.090753] CPU3: Booted secondary processor 0x0000000300 [0x410fd421]
[    0.121434] Detected PIPT I-cache on CPU4
[    0.121457] GICv3: CPU4: found redistributor 20000 region 0:0x000000000f540000
[    0.121483] CPU4: Booted secondary processor 0x0000020000 [0x410fd421]
[    0.150163] Detected PIPT I-cache on CPU5
[    0.150173] GICv3: CPU5: found redistributor 20100 region 0:0x000000000f560000
[    0.150187] CPU5: Booted secondary processor 0x0000020100 [0x410fd421]
[    0.179436] Detected PIPT I-cache on CPU6
[    0.179446] GICv3: CPU6: found redistributor 20200 region 0:0x000000000f580000
[    0.179460] CPU6: Booted secondary processor 0x0000020200 [0x410fd421]
[    0.208707] Detected PIPT I-cache on CPU7
[    0.208718] GICv3: CPU7: found redistributor 20300 region 0:0x000000000f5a0000
[    0.208732] CPU7: Booted secondary processor 0x0000020300 [0x410fd421]
[    0.208788] smp: Brought up 1 node, 8 CPUs
[    0.208794] SMP: Total of 8 processors activated.
[    0.208797] CPU features: detected: Privileged Access Never
[    0.208798] CPU features: detected: LSE atomic instructions
[    0.208799] CPU features: detected: User Access Override
[    0.208800] CPU features: detected: 32-bit EL0 Support
[    0.208803] CPU features: detected: Common not Private translations
[    0.208804] CPU features: detected: RAS Extension Support
[    0.208805] CPU features: detected: Data cache clean to the PoU not required for I/D coherence
[    0.208806] CPU features: detected: CRC32 instructions
[    0.208807] CPU features: detected: Speculative Store Bypassing Safe (SSBS)
[    0.225967] spectre-bhb mitigation disabled by command line option
[    0.225970] spectre-bhb mitigation disabled by command line option
[    0.225972] spectre-bhb mitigation disabled by command line option
[    0.225974] spectre-bhb mitigation disabled by command line option
[    0.241982] CPU: All CPU(s) started at EL2
[    0.243907] devtmpfs: initialized
[    0.260904] Registered cp15_barrier emulation handler
[    0.260910] Registered setend emulation handler
[    0.260915] KASLR enabled
[    0.261033] clocksource: jiffies: mask: 0xffffffff max_cycles: 0xffffffff, max_idle_ns: 7645041785100000 ns
[    0.261043] futex hash table entries: 2048 (order: 5, 131072 bytes, linear)
[    0.262699] pinctrl core: initialized pinctrl subsystem
[    0.263161] SMBIOS 3.0.0 present.
[    0.263166] DMI: Unknown AIE510-ONX/AIE510-ONX, BIOS 4.1-33958178 08/01/2023
[    0.263502] NET: Registered protocol family 16
[    0.264396] DMA: preallocated 2048 KiB GFP_KERNEL pool for atomic allocations
[    0.264503] DMA: preallocated 2048 KiB GFP_KERNEL|GFP_DMA pool for atomic allocations
[    0.264606] DMA: preallocated 2048 KiB GFP_KERNEL|GFP_DMA32 pool for atomic allocations
[    0.264633] audit: initializing netlink subsys (disabled)
[    0.264720] audit: type=2000 audit(0.264:1): state=initialized audit_enabled=0 res=1
[    0.264919] thermal_sys: Registered thermal governor 'step_wise'
[    0.264921] thermal_sys: Registered thermal governor 'power_allocator'
[    0.264923] thermal_sys: Registered thermal governor 'pid_thermal_gov'
[    0.265793] cpuidle: using governor menu
[    0.265897] hw-breakpoint: found 6 breakpoint and 4 watchpoint registers.
[    0.265986] ASID allocator initialised with 32768 entries
[    0.266089] Serial: AMBA PL011 UART driver
[    0.267960] tegra234_mc_sid_probe(): tegra234 mc-sid probe successful
[    0.267979] Tegra reboot handler registered.
[    0.285950] mc: mapped MMIO address: 0xffff800010b30000 -> 0x2c10000
[    0.285959] mc: mapped MMIO address: 0xffff800010b50000 -> 0x2c20000
[    0.285965] mc: mapped MMIO address: 0xffff800010b70000 -> 0x2c30000
[    0.285970] mc: mapped MMIO address: 0xffff800010b90000 -> 0x2c40000
[    0.285976] mc: mapped MMIO address: 0xffff800010bb0000 -> 0x2c50000
[    0.285980] mc: mapped MMIO address: 0xffff800010bd0000 -> 0x2b80000
[    0.285986] mc: mapped MMIO address: 0xffff800010bf0000 -> 0x2b90000
[    0.285994] mc: mapped MMIO address: 0xffff800010c10000 -> 0x2ba0000
[    0.285999] mc: mapped MMIO address: 0xffff800010c30000 -> 0x2bb0000
[    0.286005] mc: mapped MMIO address: 0xffff800010c50000 -> 0x1700000
[    0.286010] mc: mapped MMIO address: 0xffff800010c70000 -> 0x1710000
[    0.286014] mc: mapped MMIO address: 0xffff800010c90000 -> 0x1720000
[    0.286019] mc: mapped MMIO address: 0xffff800010cb0000 -> 0x1730000
[    0.286024] mc: mapped MMIO address: 0xffff800010cd0000 -> 0x1740000
[    0.286033] mc: mapped MMIO address: 0xffff800010cf0000 -> 0x1750000
[    0.286039] mc: mapped MMIO address: 0xffff800010d10000 -> 0x1760000
[    0.286044] mc: mapped MMIO address: 0xffff800010d30000 -> 0x1770000
[    0.286053] nv-tegra-mc 2c10000.mc: No mssnvlink node
[    0.286091] mc-err: mcerr ops are set to t23x
[    0.286767] 31d0000.serial: ttyAMA0 at MMIO 0x31d0000 (irq = 68, base_baud = 0) is a SBSA
[    0.286806] printk: console [ttyAMA0] enabled
[    0.290800] HugeTLB registered 1.00 GiB page size, pre-allocated 0 pages
[    0.290802] HugeTLB registered 32.0 MiB page size, pre-allocated 0 pages
[    0.290804] HugeTLB registered 2.00 MiB page size, pre-allocated 0 pages
[    0.290805] HugeTLB registered 64.0 KiB page size, pre-allocated 0 pages
[    0.292900] ACPI: Interpreter disabled.
[    0.293302] ddr-vddq: supplied by vdd-5v
[    0.293428] ddr-vdd2: supplied by vdd-5v
[    0.293518] vdd-AO-1v2: supplied by vdd-5v
[    0.293622] vdd-3v3: supplied by vdd-5v
[    0.293732] vdd-rtc: supplied by vdd-AO-1v2
[    0.293822] vdd-0v95-uphy: supplied by vdd-AO-1v2
[    0.293918] vdd-0v95-hdmi: supplied by vdd-AO-1v2
[    0.294136] vdd-1v8: supplied by vdd-3v3-sys
[    0.294219] vdd-3v3-AO: supplied by vdd-5v-sys
[    0.294308] vdd-av10-hub: supplied by vdd-5v-sys
[    0.294399] vdd-vbus-a: supplied by vdd-5v-sys
[    0.294485] vdd-vbus-b: supplied by vdd-5v-sys
[    0.294578] vdd-3v3-dp: supplied by vdd-3v3-sys
[    0.294845] iommu: Default domain type: Translated 
[    0.294910] eventlib_kernel: keventlib is initialized, test id: 0
[    0.295167] SCSI subsystem initialized
[    0.295241] usbcore: registered new interface driver usbfs
[    0.295252] usbcore: registered new interface driver hub
[    0.295264] usbcore: registered new device driver usb
[    0.295453] mc: Linux media interface: v0.10
[    0.295463] videodev: Linux video capture interface: v2.00
[    0.295593] pps_core: LinuxPPS API ver. 1 registered
[    0.295595] pps_core: Software ver. 5.3.6 - Copyright 2005-2007 Rodolfo Giometti <giometti@linux.it>
[    0.295601] PTP clock support registered
[    0.295835] tegra_wdt_t18x 2190000.watchdog: Tegra WDT init timeout = 120 sec
[    0.295854] tegra_wdt_t18x 2190000.watchdog: Registered successfully
[    0.297150] Registered efivars operations
[    0.297297] FPGA manager framework
[    0.297330] Advanced Linux Sound Architecture Driver Initialized.
[    0.297604] Bluetooth: Core ver 2.22
[    0.297617] NET: Registered protocol family 31
[    0.297619] Bluetooth: HCI device and connection manager initialized
[    0.297624] Bluetooth: HCI socket layer initialized
[    0.297627] Bluetooth: L2CAP socket layer initialized
[    0.297633] Bluetooth: SCO socket layer initialized
[    0.298108] camchar: rtcpu character device driver loaded
[    0.298327] clocksource: Switched to clocksource arch_sys_counter
[    0.454980] VFS: Disk quotas dquot_6.6.0
[    0.455019] VFS: Dquot-cache hash table entries: 512 (order 0, 4096 bytes)
[    0.455310] pnp: PnP ACPI: disabled
[    0.457982] la/ptsa driver initialized.
[    0.458057] NET: Registered protocol family 2
[    0.458274] IP idents hash table entries: 262144 (order: 9, 2097152 bytes, linear)
[    0.460469] tcp_listen_portaddr_hash hash table entries: 8192 (order: 5, 131072 bytes, linear)
[    0.460490] TCP established hash table entries: 131072 (order: 8, 1048576 bytes, linear)
[    0.460593] TCP bind hash table entries: 65536 (order: 8, 1048576 bytes, linear)
[    0.461086] TCP: Hash tables configured (established 131072 bind 65536)
[    0.461174] UDP hash table entries: 8192 (order: 6, 262144 bytes, linear)
[    0.461206] UDP-Lite hash table entries: 8192 (order: 6, 262144 bytes, linear)
[    0.461321] NET: Registered protocol family 1
[    0.461552] RPC: Registered named UNIX socket transport module.
[    0.461554] RPC: Registered udp transport module.
[    0.461554] RPC: Registered tcp transport module.
[    0.461556] RPC: Registered tcp NFSv4.1 backchannel transport module.
[    0.461563] PCI: CLS 0 bytes, default 64
[    0.461670] Trying to unpack rootfs image as initramfs...
[    0.590945] Freeing initrd memory: 9552K
[    0.592791] hw perfevents: enabled with armv8_pmuv3 PMU driver, 7 counters available
[    0.592924] kvm [1]: IPA Size Limit: 48 bits
[    0.592945] kvm [1]: GICv3: no GICV resource entry
[    0.592949] kvm [1]: disabling GICv2 emulation
[    0.592966] kvm [1]: GIC system register CPU interface enabled
[    0.593044] kvm [1]: vgic interrupt IRQ9
[    0.593172] kvm [1]: VHE mode initialized successfully
[    0.593850] Initialise system trusted keyrings
[    0.593943] workingset: timestamp_bits=46 max_order=22 bucket_order=0
[    0.596365] squashfs: version 4.0 (2009/01/31) Phillip Lougher
[    0.596713] NFS: Registering the id_resolver key type
[    0.596734] Key type id_resolver registered
[    0.596736] Key type id_legacy registered
[    0.596772] nfs4filelayout_init: NFSv4 File Layout Driver Registering...
[    0.596781] nfs4flexfilelayout_init: NFSv4 Flexfile Layout Driver Registering...
[    0.596795] ntfs: driver 2.1.32 [Flags: R/W].
[    0.608650] NET: Registered protocol family 38
[    0.608654] Key type asymmetric registered
[    0.608657] Asymmetric key parser 'x509' registered
[    0.608676] Block layer SCSI generic (bsg) driver version 0.4 loaded (major 239)
[    0.608723] io scheduler mq-deadline registered
[    0.608726] io scheduler kyber registered
[    0.612364] tegra-pwm 3280000.pwm: PWM clk can sleep in ops
[    0.612390] tegra-pwm 32a0000.pwm: PWM clk can sleep in ops
[    0.612405] tegra-pwm 32c0000.pwm: PWM clk can sleep in ops
[    0.614721] tegra_dc_assign_hw_data: no matching compatible node
[    0.620736] tegradccommon module_init failed
[    0.625009] tegradc module_init failed
[    0.628995] EINJ: ACPI disabled.
[    0.630433] tegra-pmc c360000.pmc: scratch reg offset dts data not present
[    0.630439] tegra-pmc: ### PMC reset source: SYS_RESET_N
[    0.630441] tegra-pmc: ### PMC reset level: L0
[    0.630442] tegra-pmc: ### PMC reset status reg: 0x0
[    0.631895] Serial: 8250/16550 driver, 4 ports, IRQ sharing enabled
[    0.633373] printk: console [ttyTCU0] enabled
[    0.633901] arm-smmu 12000000.iommu: probing hardware configuration...
[    0.633903] arm-smmu 12000000.iommu: SMMUv2 with:
[    0.633905] arm-smmu 12000000.iommu: 	stage 1 translation
[    0.633906] arm-smmu 12000000.iommu: 	stage 2 translation
[    0.633907] arm-smmu 12000000.iommu: 	nested translation
[    0.633910] arm-smmu 12000000.iommu: 	stream matching with 128 register groups
[    0.633913] arm-smmu 12000000.iommu: 	128 context banks (0 stage-2 only)
[    0.636100] arm-smmu 12000000.iommu: 	Supported page sizes: 0x00001000
[    0.636102] arm-smmu 12000000.iommu: 	Stage-1: 48-bit VA -> 48-bit IPA
[    0.636103] arm-smmu 12000000.iommu: 	Stage-2: 48-bit IPA -> 48-bit PA
[    0.636899] arm-smmu 10000000.iommu: probing hardware configuration...
[    0.636901] arm-smmu 10000000.iommu: SMMUv2 with:
[    0.636904] arm-smmu 10000000.iommu: 	stage 1 translation
[    0.636905] arm-smmu 10000000.iommu: 	stage 2 translation
[    0.636907] arm-smmu 10000000.iommu: 	nested translation
[    0.636910] arm-smmu 10000000.iommu: 	stream matching with 128 register groups
[    0.636912] arm-smmu 10000000.iommu: 	128 context banks (0 stage-2 only)
[    0.639086] arm-smmu 10000000.iommu: 	Supported page sizes: 0x00001000
[    0.639088] arm-smmu 10000000.iommu: 	Stage-1: 48-bit VA -> 48-bit IPA
[    0.639089] arm-smmu 10000000.iommu: 	Stage-2: 48-bit IPA -> 48-bit PA
[    0.639517] arm-smmu 8000000.iommu: probing hardware configuration...
[    0.639519] arm-smmu 8000000.iommu: SMMUv2 with:
[    0.639521] arm-smmu 8000000.iommu: 	stage 1 translation
[    0.639522] arm-smmu 8000000.iommu: 	stage 2 translation
[    0.639522] arm-smmu 8000000.iommu: 	nested translation
[    0.639525] arm-smmu 8000000.iommu: 	stream matching with 128 register groups
[    0.639527] arm-smmu 8000000.iommu: 	128 context banks (0 stage-2 only)
[    0.641665] arm-smmu 8000000.iommu: 	Supported page sizes: 0x00001000
[    0.641666] arm-smmu 8000000.iommu: 	Stage-1: 48-bit VA -> 48-bit IPA
[    0.641668] arm-smmu 8000000.iommu: 	Stage-2: 48-bit IPA -> 48-bit PA
[    0.642334] arm-smmu-suspend 12000000.smmu_suspend: arm_smmu_suspend probe successful
[    0.643971] tegra_profiler: version: 1.151, samples/io: 51/30
[    0.644064] tegra_profiler: auth: init
[    0.644348] nvsciipc: loaded module
[    0.645914] tun: Universal TUN/TAP device driver, 1.6
[    0.646344] hns3: Hisilicon Ethernet Network Driver for Hip08 Family - version
[    0.646347] hns3: Copyright (c) 2017 Huawei Corporation.
[    0.646370] e1000e: Intel(R) PRO/1000 Network Driver
[    0.646372] e1000e: Copyright(c) 1999 - 2015 Intel Corporation.
[    0.646386] igb: Intel(R) Gigabit Ethernet Network Driver
[    0.646388] igb: Copyright (c) 2007-2014 Intel Corporation.
[    0.646533] PPP generic driver version 2.4.2
[    0.646583] PPP BSD Compression module registered
[    0.646588] PPP Deflate Compression module registered
[    0.646598] PPP MPPE Compression module registered
[    0.646625] usbcore: registered new interface driver r8152
[    0.646637] usbcore: registered new interface driver asix
[    0.646647] usbcore: registered new interface driver ax88179_178a
[    0.646656] usbcore: registered new interface driver cdc_ether
[    0.646664] usbcore: registered new interface driver net1080
[    0.646676] usbcore: registered new interface driver cdc_subset
[    0.646683] usbcore: registered new interface driver zaurus
[    0.646698] usbcore: registered new interface driver cdc_ncm
[    0.646704] usbcore: registered new interface driver aqc111
[    0.646814] ohci_hcd: USB 1.1 'Open' Host Controller (OHCI) Driver
[    0.646825] ohci-pci: OHCI PCI platform driver
[    0.646837] ohci-platform: OHCI generic platform driver
[    0.647132] tegra-xusb 3610000.xhci: Adding to iommu group 0
[    0.647658] usbcore: registered new interface driver uas
[    0.647680] usbcore: registered new interface driver usb-storage
[    0.647822] tegra-xudc 3550000.xudc: Adding to iommu group 1
[    0.648096] mousedev: PS/2 mouse device common for all mice
[    0.648117] usbcore: registered new interface driver xpad
[    0.649972] tegra_rtc c2a0000.rtc: registered as rtc1
[    0.649986] tegra_rtc c2a0000.rtc: Tegra internal Real Time Clock
[    0.650114] i2c /dev entries driver
[    0.650225] tegra-i2c 3160000.i2c: Adding to iommu group 2
[    0.650419] tegra-i2c c240000.i2c: Adding to iommu group 2
[    0.650476] tegra-i2c 3180000.i2c: Adding to iommu group 2
[    0.650525] tegra-i2c 3190000.i2c: Adding to iommu group 2
[    0.650568] tegra-i2c 31b0000.i2c: Adding to iommu group 2
[    0.650610] tegra-i2c 31c0000.i2c: Adding to iommu group 2
[    0.650655] tegra-i2c c250000.i2c: Adding to iommu group 2
[    0.650738] tegra-i2c 31e0000.i2c: Adding to iommu group 2
[    0.654678] device-mapper: uevent: version 1.0.3
[    0.654773] device-mapper: ioctl: 4.43.0-ioctl (2020-10-01) initialised: dm-devel@redhat.com
[    0.655712] sdhci: Secure Digital Host Controller Interface driver
[    0.655715] sdhci: Copyright(c) Pierre Ossman
[    0.655718] Synopsys Designware Multimedia Card Interface Driver
[    0.655791] sdhci-pltfm: SDHCI platform and OF driver helper
[    0.656221] SMCCC: SOC_ID: ID = jep106:036b:0023 Revision = 0x00000401
[    0.656901] tegra-bpmp bpmp: firmware: 029a50a8fb4897d35f94-925eece486b
[    0.657840] nvvrs_pseq 4-003c: NVVRS Vendor ID: 0x9 
[    0.658148] nvvrs_pseq 4-003c: NVVRS Model Rev: 0x82
[    0.658433] nvvrs_pseq 4-003c: CAUTION: interrupt status reg:0x10 set to 0x3
[    0.658434] nvvrs_pseq 4-003c: Clearing interrupts
[    0.661710] nvvrs-pseq-rtc nvvrs-pseq-rtc: registered as rtc0
[    0.662779] nvvrs-pseq-rtc nvvrs-pseq-rtc: setting system clock to 2025-02-04T06:10:40 UTC (1738649440)
[    0.662803] nvvrs_pseq 4-003c: NVVRS PSEQ probe successful
[    1.846058] hid: raw HID events driver (C) Jiri Kosina
[    1.846647] usbcore: registered new interface driver usbhid
[    1.846649] usbhid: USB HID core driver
[    1.847209] tegra-dce d800000.dce: Adding to iommu group 3
[    1.849138] dce: dce_ipc_channel_init:319  Invalid Channel State [0x0] for ch_type [2]
[    1.849894] tegra234-aon c000000.aon: Adding to iommu group 4
[    1.850549] dce: dce_mailbox_set_full_interrupt:165  Intr bit set multiple times for MB : [0x5]
[    1.850556] dce: dce_mailbox_set_full_interrupt:165  Intr bit set multiple times for MB : [0x5]
[    1.850575] dce: dce_admin_ipc_handle_signal:90   Spurious signal on channel: [0]. Ignored...
[    1.850702] dce: dce_admin_send_cmd_ver:424  version : [0x2] err : [0x0]
[    1.850838] dce: dce_mailbox_set_full_interrupt:165  Intr bit set multiple times for MB : [0x1]
[    1.850844] dce: dce_mailbox_set_full_interrupt:165  Intr bit set multiple times for MB : [0x1]
[    1.850850] dce: dce_admin_setup_clients_ipc:553  Channel Reset Complete for Type [1] ...
[    1.850851] dce: dce_admin_setup_clients_ipc:529  Get queue info failed for [2]
[    1.850854] dce: dce_admin_ipc_handle_signal:90   Spurious signal on channel: [1]. Ignored...
[    1.850979] dce: dce_mailbox_set_full_interrupt:165  Intr bit set multiple times for MB : [0x2]
[    1.850986] dce: dce_mailbox_set_full_interrupt:165  Intr bit set multiple times for MB : [0x2]
[    1.850991] dce: dce_admin_setup_clients_ipc:553  Channel Reset Complete for Type [3] ...
[    1.850996] dce: dce_admin_ipc_handle_signal:90   Spurious signal on channel: [3]. Ignored...
[    1.851007] dce: dce_admin_ipc_handle_signal:90   Spurious signal on channel: [3]. Ignored...
[    1.851216]  c000000.aon:hsp: probed
[    1.851234] dce: dce_start_boot_flow:173  DCE_BOOT_DONE
[    1.851424] tegra234-aon c000000.aon: init done
[    1.851693] tegra23x-psc e860000.psc: Adding to iommu group 5
[    1.852015] tegra23x-psc e860000.psc: ext_cfg base:(____ptrval____)
[    1.852019] tegra23x-psc e860000.psc: init done
[    1.852144] tegra186-cam-rtcpu bc00000.rtcpu: Adding to iommu group 6
[    1.852857] tegra186-cam-rtcpu bc00000.rtcpu: Trace buffer configured at IOVA=0xbff00000
[    1.856391] tegra-ivc-bus bc00000.rtcpu:ivc-bus: region 0: iova=0xbfec0000-0xbfee01ff size=131584
[    1.856446] tegra-ivc-bus bc00000.rtcpu:ivc-bus:echo@0: echo: ver=0 grp=1 RX[16x64]=0x1000-0x1480 TX[16x64]=0x1480-0x1900
[    1.856548] tegra-ivc-bus bc00000.rtcpu:ivc-bus:dbg@1: dbg: ver=0 grp=1 RX[1x448]=0x1900-0x1b40 TX[1x448]=0x1b40-0x1d80
[    1.856959] tegra-ivc-bus bc00000.rtcpu:ivc-bus:dbg@2: dbg: ver=0 grp=1 RX[1x8192]=0x1d80-0x3e00 TX[1x8192]=0x3e00-0x5e80
[    1.857373] tegra-ivc-bus bc00000.rtcpu:ivc-bus:ivccontrol@3: ivccontrol: ver=0 grp=1 RX[64x320]=0x5e80-0xaf00 TX[64x320]=0xaf00-0xff80
[    1.857415] tegra-ivc-bus bc00000.rtcpu:ivc-bus:ivccapture@4: ivccapture: ver=0 grp=1 RX[512x64]=0xff80-0x18000 TX[512x64]=0x18000-0x20080
[    1.857443] tegra-ivc-bus bc00000.rtcpu:ivc-bus:diag@5: diag: ver=0 grp=1 RX[1x64]=0x20080-0x20140 TX[1x64]=0x20140-0x20200
[    1.858485] tegra186-cam-rtcpu bc00000.rtcpu: using cam RTCPU IRQ (115)
[    1.858487] tegra186-cam-rtcpu bc00000.rtcpu: tegra_camrtc_mon_create is successful
[    1.858987] tegra186-cam-rtcpu bc00000.rtcpu: firmware version cpu=rce cmd=6 sha1=8676d22a01443bdbc66581b7dde3b6d6828cc925
[    1.860949] t19x_cache tegra-cache: probed
[    1.861136] scf-pmu-drv scf-pmu: Registered T23x SCF Uncore PMU
[    1.866987] optee: probing for conduit method.
[    1.867011] optee: revision 3.21 (d8269f24)
[    1.925802] optee: dynamic shared memory is enabled
[    1.925928] optee: initialized driver
[    1.939200] nvpmodel: initialized successfully
[    1.939296] tegra_hv: get_hvd: not initialized yet
[    1.939305] user_ivc_mempool: hypervisor not present
[    1.939944] usbcore: registered new interface driver snd-usb-audio
[    1.940726] u32 classifier
[    1.940730]     input device check on
[    1.940735]     Actions configured
[    1.940884] Initializing XFRM netlink socket
[    1.941414] NET: Registered protocol family 10
[    1.943056] Segment Routing with IPv6
[    1.943099] NET: Registered protocol family 17
[    1.943118] NET: Registered protocol family 15
[    1.943170] bridge: filtering via arp/ip/ip6tables is no longer available by default. Update your scripts to load br_netfilter if you need this.
[    1.943954] Bluetooth: RFCOMM socket layer initialized
[    1.944012] Bluetooth: RFCOMM ver 1.11
[    1.944019] Bluetooth: HIDP (Human Interface Emulation) ver 1.2
[    1.944023] Bluetooth: HIDP socket layer initialized
[    1.945002] 9pnet: Installing 9P2000 support
[    1.945060] Key type dns_resolver registered
[    1.945430] registered taskstats version 1
[    1.945447] Loading compiled-in X.509 certificates
[    1.955684] Loaded X.509 cert 'Build time autogenerated kernel key: 9d603a716f292aae9ddb7fac1770a89bf7748ed4'
[    1.956180] tegra194-pcie 14100000.pcie: Adding to iommu group 7
[    1.963599] tegra194-pcie 14100000.pcie: Using GICv2m MSI allocator
[    1.964523] tegra194-pcie 14160000.pcie: Adding to iommu group 8
[    1.971402] tegra194-pcie 14160000.pcie: Using GICv2m MSI allocator
[    1.971812] tegra194-pcie 141e0000.pcie: Adding to iommu group 9
[    1.978510] tegra194-pcie 141e0000.pcie: Using GICv2m MSI allocator
[    1.978809] tegra194-pcie 140a0000.pcie: Adding to iommu group 10
[    1.985361] tegra194-pcie 140a0000.pcie: Using GICv2m MSI allocator
[    1.986104] tegra194-pcie 140a0000.pcie: Failed to get slot regulators: -517
[    1.986237] tegra194-pcie 140c0000.pcie: Adding to iommu group 11
[    1.992769] tegra194-pcie 140c0000.pcie: Using GICv2m MSI allocator
[    2.019281] tegra-soc-hwpm f100000.tegra_soc_hwpm: Adding to iommu group 12
[    2.021789] host1x 13e40000.host1x: Adding to iommu group 13
[    2.047471] host1x 13e40000.host1x: initialized
[    2.047871] iommu_context_dev 13e40000.host1x:niso0_ctx0: Adding to iommu group 14
[    2.048159] iommu_context_dev 13e40000.host1x:niso0_ctx0: initialized (streamid=53, iommu=smmu.0x0000000012000000)
[    2.049468] iommu_context_dev 13e40000.host1x:niso0_ctx1: Adding to iommu group 15
[    2.049707] iommu_context_dev 13e40000.host1x:niso0_ctx1: initialized (streamid=54, iommu=smmu.0x0000000012000000)
[    2.051086] iommu_context_dev 13e40000.host1x:niso0_ctx2: Adding to iommu group 16
[    2.051318] iommu_context_dev 13e40000.host1x:niso0_ctx2: initialized (streamid=55, iommu=smmu.0x0000000012000000)
[    2.052644] iommu_context_dev 13e40000.host1x:niso0_ctx3: Adding to iommu group 17
[    2.052871] iommu_context_dev 13e40000.host1x:niso0_ctx3: initialized (streamid=56, iommu=smmu.0x0000000012000000)
[    2.054213] iommu_context_dev 13e40000.host1x:niso0_ctx4: Adding to iommu group 18
[    2.054512] iommu_context_dev 13e40000.host1x:niso0_ctx4: initialized (streamid=57, iommu=smmu.0x0000000012000000)
[    2.055861] iommu_context_dev 13e40000.host1x:niso0_ctx5: Adding to iommu group 19
[    2.056118] iommu_context_dev 13e40000.host1x:niso0_ctx5: initialized (streamid=58, iommu=smmu.0x0000000012000000)
[    2.057473] iommu_context_dev 13e40000.host1x:niso0_ctx6: Adding to iommu group 20
[    2.057716] iommu_context_dev 13e40000.host1x:niso0_ctx6: initialized (streamid=59, iommu=smmu.0x0000000012000000)
[    2.059077] iommu_context_dev 13e40000.host1x:niso0_ctx7: Adding to iommu group 21
[    2.059337] iommu_context_dev 13e40000.host1x:niso0_ctx7: initialized (streamid=60, iommu=smmu.0x0000000012000000)
[    2.060669] iommu_context_dev 13e40000.host1x:niso1_ctx0: Adding to iommu group 22
[    2.060917] iommu_context_dev 13e40000.host1x:niso1_ctx0: initialized (streamid=53, iommu=smmu.0x0000000008000000)
[    2.062259] iommu_context_dev 13e40000.host1x:niso1_ctx1: Adding to iommu group 23
[    2.062553] iommu_context_dev 13e40000.host1x:niso1_ctx1: initialized (streamid=54, iommu=smmu.0x0000000008000000)
[    2.063894] iommu_context_dev 13e40000.host1x:niso1_ctx2: Adding to iommu group 24
[    2.064132] iommu_context_dev 13e40000.host1x:niso1_ctx2: initialized (streamid=55, iommu=smmu.0x0000000008000000)
[    2.065493] iommu_context_dev 13e40000.host1x:niso1_ctx3: Adding to iommu group 25
[    2.065769] iommu_context_dev 13e40000.host1x:niso1_ctx3: initialized (streamid=56, iommu=smmu.0x0000000008000000)
[    2.067101] iommu_context_dev 13e40000.host1x:niso1_ctx4: Adding to iommu group 26
[    2.067318] iommu_context_dev 13e40000.host1x:niso1_ctx4: initialized (streamid=57, iommu=smmu.0x0000000008000000)
[    2.068670] iommu_context_dev 13e40000.host1x:niso1_ctx5: Adding to iommu group 27
[    2.068923] iommu_context_dev 13e40000.host1x:niso1_ctx5: initialized (streamid=58, iommu=smmu.0x0000000008000000)
[    2.070265] iommu_context_dev 13e40000.host1x:niso1_ctx6: Adding to iommu group 28
[    2.070509] iommu_context_dev 13e40000.host1x:niso1_ctx6: initialized (streamid=59, iommu=smmu.0x0000000008000000)
[    2.071854] iommu_context_dev 13e40000.host1x:niso1_ctx7: Adding to iommu group 29
[    2.072079] iommu_context_dev 13e40000.host1x:niso1_ctx7: initialized (streamid=60, iommu=smmu.0x0000000008000000)
[    2.073446] falcon 15340000.vic: Adding to iommu group 30
[    2.078549] falcon 15340000.vic: initialized
[    2.078890] falcon 15380000.nvjpg: Adding to iommu group 31
[    2.081651] falcon 15380000.nvjpg: initialized
[    2.081787] falcon 15540000.nvjpg1: Adding to iommu group 32
[    2.084367] falcon 15540000.nvjpg1: initialized
[    2.084513] falcon 154c0000.nvenc: Adding to iommu group 33
[    2.088785] falcon 154c0000.nvenc: initialized
[    2.088926] falcon 15a50000.ofa: Adding to iommu group 34
[    2.091856] falcon 15a50000.ofa: initialized
[    2.092000] nvdec 15480000.nvdec: Adding to iommu group 35
[    2.097740] nvdec 15480000.nvdec: initialized
[    2.097869] tsec 15500000.tsec: Adding to iommu group 36
[    2.102232] tsec 15500000.tsec: initialized
[    2.105695] gic 2a41000.agic-controller: GIC IRQ controller registered
[    2.116584] tegra-aconnect aconnect@2a41000: Tegra ACONNECT bus registered
[    2.125200] gpio-397 (camera-control-output-low): hogged as output/low
[    2.125240] gpio-486 (camera-control-output-low): hogged as output/low
[    2.126252] gpiochip0: registered GPIOs 348 to 511 on tegra234-gpio
[    2.127166] gpiochip1: registered GPIOs 316 to 347 on tegra234-gpio-aon
[    2.127331] tegra-pwm 3280000.pwm: PWM clk can sleep in ops
[    2.128152] tegra-pwm 32a0000.pwm: PWM clk can sleep in ops
[    2.128913] tegra-pwm 32c0000.pwm: PWM clk can sleep in ops
[    2.131535] tegra194-isp5 14800000.isp: Adding to iommu group 37
[    2.134293] t194-nvcsi 13e40000.host1x:nvcsi@15a00000: context isolation disabled due to no IOMMU
[    2.134792] t194-nvcsi 13e40000.host1x:nvcsi@15a00000: initialized
[    2.134898] tegra-camrtc-capture-vi tegra-capture-vi: subdev 13e40000.host1x:nvcsi@15a00000- bound
[    2.134906] tegra-camrtc-capture-vi tegra-capture-vi: subdev 13e40000.host1x:nvcsi@15a00000- bound
[    2.135065] tegra194-vi5 13e40000.host1x:vi0@15c00000: Adding to iommu group 38
[    2.135653] tegra194-vi5 13e40000.host1x:vi1@14c00000: Adding to iommu group 39
[    2.136152] scare-pigeon 13e40000.host1x:vi0-thi@15f00000: context isolation disabled due to no IOMMU
[    2.136626] scare-pigeon 13e40000.host1x:vi0-thi@15f00000: initialized
[    2.136721] scare-pigeon 13e40000.host1x:vi1-thi@14f00000: context isolation disabled due to no IOMMU
[    2.137154] scare-pigeon 13e40000.host1x:vi1-thi@14f00000: initialized
[    2.137234] scare-pigeon 13e40000.host1x:isp-thi@14b00000: context isolation disabled due to no IOMMU
[    2.137676] scare-pigeon 13e40000.host1x:isp-thi@14b00000: initialized
[    2.137797] pva_iommu_context_dev 16000000.pva0:pva0_niso1_ctx0: Adding to iommu group 40
[    2.138060] pva_iommu_context_dev 16000000.pva0:pva0_niso1_ctx0: initialized (streamid=18, iommu=smmu.0x0000000008000000)
[    2.138160] pva_iommu_context_dev 16000000.pva0:pva0_niso1_ctx1: Adding to iommu group 41
[    2.138438] pva_iommu_context_dev 16000000.pva0:pva0_niso1_ctx1: initialized (streamid=19, iommu=smmu.0x0000000008000000)
[    2.138526] pva_iommu_context_dev 16000000.pva0:pva0_niso1_ctx2: Adding to iommu group 42
[    2.138803] pva_iommu_context_dev 16000000.pva0:pva0_niso1_ctx2: initialized (streamid=20, iommu=smmu.0x0000000008000000)
[    2.138901] pva_iommu_context_dev 16000000.pva0:pva0_niso1_ctx3: Adding to iommu group 43
[    2.139148] pva_iommu_context_dev 16000000.pva0:pva0_niso1_ctx3: initialized (streamid=21, iommu=smmu.0x0000000008000000)
[    2.139244] pva_iommu_context_dev 16000000.pva0:pva0_niso1_ctx4: Adding to iommu group 44
[    2.139474] pva_iommu_context_dev 16000000.pva0:pva0_niso1_ctx4: initialized (streamid=22, iommu=smmu.0x0000000008000000)
[    2.139572] pva_iommu_context_dev 16000000.pva0:pva0_niso1_ctx5: Adding to iommu group 45
[    2.139798] pva_iommu_context_dev 16000000.pva0:pva0_niso1_ctx5: initialized (streamid=23, iommu=smmu.0x0000000008000000)
[    2.139902] pva_iommu_context_dev 16000000.pva0:pva0_niso1_ctx6: Adding to iommu group 46
[    2.140141] pva_iommu_context_dev 16000000.pva0:pva0_niso1_ctx6: initialized (streamid=24, iommu=smmu.0x0000000008000000)
[    2.140228] pva_iommu_context_dev 16000000.pva0:pva0_niso1_ctx7: Adding to iommu group 47
[    2.140460] pva_iommu_context_dev 16000000.pva0:pva0_niso1_ctx7: initialized (streamid=25, iommu=smmu.0x0000000008000000)
[    2.140574] pva 16000000.pva0: Adding to iommu group 48
[    2.144953] pva 16000000.pva0: initialized
[    2.151948] nvdla 15880000.nvdla0: Adding to iommu group 49
[    2.156492] nvdla 15880000.nvdla0: initialized
[    2.158266] nvdla 158c0000.nvdla1: Adding to iommu group 50
[    2.162291] nvdla 158c0000.nvdla1: initialized
[    2.164138] tegra-gpcdma 2600000.gpcdma: Adding to iommu group 2
[    2.165071] tegra-gpcdma 2600000.gpcdma: GPC DMA driver register 31 channels
[    2.165363] tegra-fuse-burn efuse-burn: shutdown limit check disabled
[    2.165366] tegra-fuse-burn efuse-burn: Fuse burn driver initialized
[    2.165563] serial-tegra 3100000.serial: Adding to iommu group 2
[    2.165895] 3100000.serial: ttyTHS0 at MMIO 0x3100000 (irq = 17, base_baud = 0) is a TEGRA_UART
[    2.166458] serial-tegra 3110000.serial: Adding to iommu group 2
[    2.166766] 3110000.serial: ttyTHS1 at MMIO 0x3110000 (irq = 65, base_baud = 0) is a TEGRA_UART
[    2.167132] serial-tegra 3130000.serial: Adding to iommu group 2
[    2.167436] 3130000.serial: ttyTHS3 at MMIO 0x3130000 (irq = 66, base_baud = 0) is a TEGRA_UART
[    2.167762] serial-tegra 3140000.serial: Adding to iommu group 2
[    2.168056] 3140000.serial: ttyTHS4 at MMIO 0x3140000 (irq = 67, base_baud = 0) is a TEGRA_UART
[    2.186351] tegra-xusb 3610000.xhci: Firmware timestamp: 2023-02-10 03:48:10 UTC, Version: 80.05 release
[    2.186359] tegra-xusb 3610000.xhci: xHCI Host Controller
[    2.186385] tegra-xusb 3610000.xhci: new USB bus registered, assigned bus number 1
[    2.187250] tegra-xusb 3610000.xhci: hcc params 0x0180ff05 hci version 0x120 quirks 0x0000000000050810
[    2.187290] tegra-xusb 3610000.xhci: irq 232, io mem 0x03610000
[    2.187679] usb usb1: New USB device found, idVendor=1d6b, idProduct=0002, bcdDevice= 5.10
[    2.187684] usb usb1: New USB device strings: Mfr=3, Product=2, SerialNumber=1
[    2.187687] usb usb1: Product: xHCI Host Controller
[    2.187688] usb usb1: Manufacturer: Linux 5.10.120-tegra xhci-hcd
[    2.187690] usb usb1: SerialNumber: 3610000.xhci
[    2.188482] hub 1-0:1.0: USB hub found
[    2.188512] hub 1-0:1.0: 4 ports detected
[    2.188787] tegra-xusb 3610000.xhci: xHCI Host Controller
[    2.188796] tegra-xusb 3610000.xhci: new USB bus registered, assigned bus number 2
[    2.188805] tegra-xusb 3610000.xhci: Host supports USB 3.1 Enhanced SuperSpeed
[    2.188883] usb usb2: New USB device found, idVendor=1d6b, idProduct=0003, bcdDevice= 5.10
[    2.188885] usb usb2: New USB device strings: Mfr=3, Product=2, SerialNumber=1
[    2.188886] usb usb2: Product: xHCI Host Controller
[    2.188887] usb usb2: Manufacturer: Linux 5.10.120-tegra xhci-hcd
[    2.188888] usb usb2: SerialNumber: 3610000.xhci
[    2.189056] hub 2-0:1.0: USB hub found
[    2.189071] hub 2-0:1.0: 4 ports detected
[    2.206820] i2c i2c-2: Added multiplexed i2c bus 9
[    2.207120] i2c i2c-2: Added multiplexed i2c bus 10
[    2.207126] i2c-mux-gpio cam_i2cmux: 2 port mux on 3180000.i2c adapter
[    2.207421] tegra23x-oc-event soctherm-oc-event: Finished tegra23x overcurrent event probing
[    2.222047] cpufreq: cpufreq_online: CPU0: Running at unlisted initial frequency: 2001000 KHz, changing to: 1984000 KHz
[    2.223580] cpufreq: cpufreq_online: CPU4: Running at unlisted initial frequency: 2041000 KHz, changing to: 1984000 KHz
[    2.224154] tegra194-cpufreq e000000.ccplex: probed with ICC, cl:3
[    2.224859] tegra194-pcie 14100000.pcie: Using GICv2m MSI allocator
[    2.226028] tegra194-pcie 14100000.pcie: host bridge /pcie@14100000 ranges:
[    2.226038] tegra194-pcie 14100000.pcie:       IO 0x0030100000..0x00301fffff -> 0x0030100000
[    2.226043] tegra194-pcie 14100000.pcie:      MEM 0x20a8000000..0x20afffffff -> 0x0040000000
[    2.226045] tegra194-pcie 14100000.pcie:      MEM 0x2080000000..0x20a7ffffff -> 0x2080000000
[    2.334326] tegra194-pcie 14100000.pcie: Link up
[    2.336493] tegra194-pcie 14100000.pcie: PCI host bridge to bus 0001:00
[    2.336496] pci_bus 0001:00: root bus resource [bus 00-ff]
[    2.336502] pci_bus 0001:00: root bus resource [io  0x0000-0xfffff] (bus address [0x30100000-0x301fffff])
[    2.336505] pci_bus 0001:00: root bus resource [mem 0x20a8000000-0x20afffffff] (bus address [0x40000000-0x47ffffff])
[    2.336507] pci_bus 0001:00: root bus resource [mem 0x2080000000-0x20a7ffffff pref]
[    2.336553] pci 0001:00:00.0: [10de:229e] type 01 class 0x060400
[    2.336709] pci 0001:00:00.0: PME# supported from D0 D3hot
[    2.340968] pci 0001:01:00.0: [8086:125d] type 00 class 0x020000
[    2.341110] pci 0001:01:00.0: reg 0x10: [mem 0x00000000-0x000fffff]
[    2.341299] pci 0001:01:00.0: reg 0x1c: [mem 0x00000000-0x00003fff]
[    2.341488] pci 0001:01:00.0: reg 0x30: [mem 0x00000000-0x000fffff pref]
[    2.342376] pci 0001:01:00.0: PME# supported from D0 D3hot D3cold
[    2.357855] pci 0001:00:00.0: BAR 14: assigned [mem 0x20a8000000-0x20a82fffff]
[    2.357859] pci 0001:01:00.0: BAR 0: assigned [mem 0x20a8000000-0x20a80fffff]
[    2.357886] pci 0001:01:00.0: BAR 6: assigned [mem 0x20a8100000-0x20a81fffff pref]
[    2.357888] pci 0001:01:00.0: BAR 3: assigned [mem 0x20a8200000-0x20a8203fff]
[    2.357916] pci 0001:00:00.0: PCI bridge to [bus 01-ff]
[    2.357922] pci 0001:00:00.0:   bridge window [mem 0x20a8000000-0x20a82fffff]
[    2.357936] pci 0001:00:00.0: Max Payload Size set to  256/ 256 (was  256), Max Read Rq  512
[    2.358000] pci 0001:01:00.0: Max Payload Size set to  256/ 512 (was  128), Max Read Rq  512
[    2.358241] pcieport 0001:00:00.0: Adding to iommu group 7
[    2.358449] pcieport 0001:00:00.0: PME: Signaling with IRQ 55
[    2.359240] pcieport 0001:00:00.0: AER: enabled with IRQ 55
[    2.359955] tegra194-pcie 14160000.pcie: Using GICv2m MSI allocator
[    2.361415] tegra194-pcie 14160000.pcie: host bridge /pcie@14160000 ranges:
[    2.361422] tegra194-pcie 14160000.pcie:       IO 0x0036100000..0x00361fffff -> 0x0036100000
[    2.361427] tegra194-pcie 14160000.pcie:      MEM 0x2428000000..0x242fffffff -> 0x0040000000
[    2.361429] tegra194-pcie 14160000.pcie:      MEM 0x2140000000..0x2427ffffff -> 0x2140000000
[    2.446485] usb 1-2: new high-speed USB device number 2 using tegra-xusb
[    2.466326] tegra194-pcie 14160000.pcie: Link up
[    2.468465] tegra194-pcie 14160000.pcie: PCI host bridge to bus 0004:00
[    2.468468] pci_bus 0004:00: root bus resource [bus 00-ff]
[    2.468470] pci_bus 0004:00: root bus resource [io  0x100000-0x1fffff] (bus address [0x36100000-0x361fffff])
[    2.468472] pci_bus 0004:00: root bus resource [mem 0x2428000000-0x242fffffff] (bus address [0x40000000-0x47ffffff])
[    2.468476] pci_bus 0004:00: root bus resource [mem 0x2140000000-0x2427ffffff pref]
[    2.468514] pci 0004:00:00.0: [10de:229c] type 01 class 0x060400
[    2.468659] pci 0004:00:00.0: PME# supported from D0 D3hot
[    2.472411] pci 0004:01:00.0: [126f:2263] type 00 class 0x010802
[    2.472595] pci 0004:01:00.0: reg 0x10: [mem 0x00000000-0x00003fff 64bit]
[    2.485799] pci 0004:00:00.0: BAR 14: assigned [mem 0x2428000000-0x24280fffff]
[    2.485803] pci 0004:01:00.0: BAR 0: assigned [mem 0x2428000000-0x2428003fff 64bit]
[    2.485890] pci 0004:00:00.0: PCI bridge to [bus 01-ff]
[    2.485895] pci 0004:00:00.0:   bridge window [mem 0x2428000000-0x24280fffff]
[    2.485908] pci 0004:00:00.0: Max Payload Size set to  256/ 256 (was  256), Max Read Rq  512
[    2.485970] pci 0004:01:00.0: Max Payload Size set to  256/ 256 (was  128), Max Read Rq  512
[    2.486202] pcieport 0004:00:00.0: Adding to iommu group 8
[    2.486393] pcieport 0004:00:00.0: PME: Signaling with IRQ 57
[    2.487183] pcieport 0004:00:00.0: AER: enabled with IRQ 57
[    2.487468] nvme 0004:01:00.0: Adding to iommu group 8
[    2.487855] nvme nvme0: pci function 0004:01:00.0
[    2.488103] nvme 0004:01:00.0: enabling device (0000 -> 0002)
[    2.488463] tegra194-pcie 141e0000.pcie: Using GICv2m MSI allocator
[    2.490418] tegra194-pcie 141e0000.pcie: host bridge /pcie@141e0000 ranges:
[    2.490426] tegra194-pcie 141e0000.pcie:       IO 0x003e100000..0x003e1fffff -> 0x003e100000
[    2.490430] tegra194-pcie 141e0000.pcie:      MEM 0x3228000000..0x322fffffff -> 0x0040000000
[    2.490433] tegra194-pcie 141e0000.pcie:      MEM 0x2e40000000..0x3227ffffff -> 0x2e40000000
[    2.493402] nvme nvme0: missing or invalid SUBNQN field.
[    2.505122] nvme nvme0: allocated 64 MiB host memory buffer.
[    2.521288] nvme nvme0: 8/0/0 default/read/poll queues
[    2.525862]  nvme0n1: p1 p2 p3 p4 p5 p6 p7 p8 p9 p10 p11 p12 p13 p14
[    2.599078] usb 1-2: New USB device found, idVendor=05e3, idProduct=0610, bcdDevice=60.60
[    2.599081] usb 1-2: New USB device strings: Mfr=0, Product=1, SerialNumber=0
[    2.599083] usb 1-2: Product: USB2.0 Hub
[    2.601018] hub 1-2:1.0: USB hub found
[    2.601801] hub 1-2:1.0: 3 ports detected
[    2.898511] usb 1-2.3: new full-speed USB device number 3 using tegra-xusb
[    3.010399] usb 1-2.3: New USB device found, idVendor=04ca, idProduct=3019, bcdDevice= 0.01
[    3.010402] usb 1-2.3: New USB device strings: Mfr=0, Product=0, SerialNumber=0
[    3.590644] tegra194-pcie 141e0000.pcie: Phy link never came up
[    3.590720] tegra194-pcie 141e0000.pcie: PCI host bridge to bus 0007:00
[    3.590725] pci_bus 0007:00: root bus resource [bus 00-ff]
[    3.590728] pci_bus 0007:00: root bus resource [io  0x200000-0x2fffff] (bus address [0x3e100000-0x3e1fffff])
[    3.590730] pci_bus 0007:00: root bus resource [mem 0x3228000000-0x322fffffff] (bus address [0x40000000-0x47ffffff])
[    3.590732] pci_bus 0007:00: root bus resource [mem 0x2e40000000-0x3227ffffff pref]
[    3.590775] pci 0007:00:00.0: [10de:229a] type 01 class 0x060400
[    3.590925] pci 0007:00:00.0: PME# supported from D0 D3hot
[    3.597838] pci 0007:00:00.0: PCI bridge to [bus 01-ff]
[    3.597858] pci 0007:00:00.0: Max Payload Size set to  256/ 256 (was  256), Max Read Rq  512
[    3.598130] pcieport 0007:00:00.0: Adding to iommu group 9
[    3.598344] pcieport 0007:00:00.0: PME: Signaling with IRQ 59
[    3.599141] pcieport 0007:00:00.0: AER: enabled with IRQ 59
[    3.599965] tegra194-pcie 140a0000.pcie: Using GICv2m MSI allocator
[    3.600045] tegra194-pcie 140a0000.pcie: Failed to get slot regulators: -517
[    3.600517] tegra194-pcie 140c0000.pcie: Using GICv2m MSI allocator
[    3.601937] tegra194-pcie 140c0000.pcie: host bridge /pcie@140c0000 ranges:
[    3.601945] tegra194-pcie 140c0000.pcie:       IO 0x002c100000..0x002c1fffff -> 0x002c100000
[    3.601950] tegra194-pcie 140c0000.pcie:      MEM 0x3828000000..0x382fffffff -> 0x0040000000
[    3.601952] tegra194-pcie 140c0000.pcie:      MEM 0x3540000000..0x3827ffffff -> 0x3540000000
[    3.710580] tegra194-pcie 140c0000.pcie: Link up
[    3.712773] tegra194-pcie 140c0000.pcie: PCI host bridge to bus 0009:00
[    3.712776] pci_bus 0009:00: root bus resource [bus 00-ff]
[    3.712779] pci_bus 0009:00: root bus resource [io  0x300000-0x3fffff] (bus address [0x2c100000-0x2c1fffff])
[    3.712781] pci_bus 0009:00: root bus resource [mem 0x3828000000-0x382fffffff] (bus address [0x40000000-0x47ffffff])
[    3.712783] pci_bus 0009:00: root bus resource [mem 0x3540000000-0x3827ffffff pref]
[    3.712825] pci 0009:00:00.0: [10de:229c] type 01 class 0x060400
[    3.712973] pci 0009:00:00.0: PME# supported from D0 D3hot
[    3.716772] pci 0009:01:00.0: [168c:003e] type 00 class 0x028000
[    3.716968] pci 0009:01:00.0: reg 0x10: [mem 0x00000000-0x001fffff 64bit]
[    3.718167] pci 0009:01:00.0: PME# supported from D0 D3hot D3cold
[    3.733769] pci 0009:00:00.0: BAR 14: assigned [mem 0x3828000000-0x38281fffff]
[    3.733773] pci 0009:01:00.0: BAR 0: assigned [mem 0x3828000000-0x38281fffff 64bit]
[    3.733865] pci 0009:00:00.0: PCI bridge to [bus 01-ff]
[    3.733870] pci 0009:00:00.0:   bridge window [mem 0x3828000000-0x38281fffff]
[    3.733884] pci 0009:00:00.0: Max Payload Size set to  256/ 256 (was  256), Max Read Rq  512
[    3.733950] pci 0009:01:00.0: Max Payload Size set to  256/ 256 (was  128), Max Read Rq  512
[    3.734196] pcieport 0009:00:00.0: Adding to iommu group 11
[    3.734397] pcieport 0009:00:00.0: PME: Signaling with IRQ 63
[    3.735182] pcieport 0009:00:00.0: AER: enabled with IRQ 63
[    3.735578] vdd-3v3-sd: supplied by vdd-3v3
[    3.737550] tegra194-isp5 14800000.isp: initialized
[    3.741458] tegra194-vi5 13e40000.host1x:vi0@15c00000: initialized
[    3.741545] (NULL device *): fops function table already registered
[    3.742298] tegra194-vi5 13e40000.host1x:vi1@14c00000: initialized
[    3.742752] tegra194-pcie 140a0000.pcie: Using GICv2m MSI allocator
[    3.743131] irq: IRQ305: trimming hierarchy from :interrupt-controller@f400000-1
[    3.851454] tegra194-pcie 140a0000.pcie: host bridge /pcie@140a0000 ranges:
[    3.851469] tegra194-pcie 140a0000.pcie:       IO 0x002a100000..0x002a1fffff -> 0x002a100000
[    3.851474] tegra194-pcie 140a0000.pcie:      MEM 0x3528000000..0x352fffffff -> 0x0040000000
[    3.851477] tegra194-pcie 140a0000.pcie:      MEM 0x3240000000..0x3527ffffff -> 0x3240000000
[    3.958326] tegra194-pcie 140a0000.pcie: Link up
[    3.960505] tegra194-pcie 140a0000.pcie: PCI host bridge to bus 0008:00
[    3.960509] pci_bus 0008:00: root bus resource [bus 00-ff]
[    3.960512] pci_bus 0008:00: root bus resource [io  0x400000-0x4fffff] (bus address [0x2a100000-0x2a1fffff])
[    3.960517] pci_bus 0008:00: root bus resource [mem 0x3528000000-0x352fffffff] (bus address [0x40000000-0x47ffffff])
[    3.960519] pci_bus 0008:00: root bus resource [mem 0x3240000000-0x3527ffffff pref]
[    3.960560] pci 0008:00:00.0: [10de:229c] type 01 class 0x060400
[    3.960709] pci 0008:00:00.0: PME# supported from D0 D3hot
[    3.964620] pci 0008:01:00.0: [10ec:8168] type 00 class 0x020000
[    3.964765] pci 0008:01:00.0: reg 0x10: [io  0x0000-0x00ff]
[    3.964947] pci 0008:01:00.0: reg 0x18: [mem 0x00000000-0x00000fff 64bit]
[    3.965063] pci 0008:01:00.0: reg 0x20: [mem 0x00000000-0x00003fff 64bit]
[    3.966081] pci 0008:01:00.0: supports D1 D2
[    3.966083] pci 0008:01:00.0: PME# supported from D0 D1 D2 D3hot D3cold
[    3.981824] pci 0008:00:00.0: BAR 14: assigned [mem 0x3528000000-0x35280fffff]
[    3.981826] pci 0008:00:00.0: BAR 13: assigned [io  0x400000-0x400fff]
[    3.981830] pci 0008:01:00.0: BAR 4: assigned [mem 0x3528000000-0x3528003fff 64bit]
[    3.981922] pci 0008:01:00.0: BAR 2: assigned [mem 0x3528004000-0x3528004fff 64bit]
[    3.982013] pci 0008:01:00.0: BAR 0: assigned [io  0x400000-0x4000ff]
[    3.982040] pci 0008:00:00.0: PCI bridge to [bus 01-ff]
[    3.982043] pci 0008:00:00.0:   bridge window [io  0x400000-0x400fff]
[    3.982048] pci 0008:00:00.0:   bridge window [mem 0x3528000000-0x35280fffff]
[    3.982061] pci 0008:00:00.0: Max Payload Size set to  128/ 256 (was  256), Max Read Rq  512
[    3.982127] pci 0008:01:00.0: Max Payload Size set to  128/ 128 (was  128), Max Read Rq  512
[    3.982380] pcieport 0008:00:00.0: Adding to iommu group 10
[    3.982571] pcieport 0008:00:00.0: PME: Signaling with IRQ 61
[    3.983362] pcieport 0008:00:00.0: AER: enabled with IRQ 61
[    3.984513] irq: IRQ307: trimming hierarchy from :pmc@c360000
[    3.984578] irq: IRQ308: trimming hierarchy from :interrupt-controller@f400000-1
[    3.984633] input: gpio-keys as /devices/platform/gpio-keys/input/input0
[    3.985357] tegra-se-nvhost 15810000.se: Adding to iommu group 51
[    3.985713] tegra-se-nvhost 15810000.se: initialized
[    3.994741] tegra-se-nvhost 15810000.se: tegra_se_probe: complete
[    3.994819] tegra-se-nvhost 15820000.se: Adding to iommu group 52
[    3.995090] tegra-se-nvhost 15820000.se: initialized
[    3.996942] tegra-se-nvhost 15820000.se: tegra_se_probe: complete
[    3.997015] tegra-se-nvhost 15840000.se: Adding to iommu group 53
[    3.997271] tegra-se-nvhost 15840000.se: initialized
[    3.998295] tegra-se-nvhost 15840000.se: tegra_se_probe: complete
[    3.998828] tegra_actmon d230000.actmon: in actmon_register()...
[    3.998960] tegra_actmon d230000.actmon: bwmgr_disable = 1
[    3.999333] tegra_actmon d230000.actmon: initialization Completed for the device mc_all
[    3.999466] hvc_sysfs: hypervisor is not present
[    4.031756] ALSA device list:
[    4.031758]   No soundcards found.
[    4.032418] Freeing unused kernel memory: 3968K
[    4.082353] Run /init as init process
[    4.082354]   with arguments:
[    4.082355]     /init
[    4.082356]   with environment:
[    4.082357]     HOME=/
[    4.082358]     TERM=linux
[    4.082359]     mminit_loglevel=4
[    4.094716] Root device found: PARTUUID=d80cd0b2-61f6-4157-89ab-d54513230d41
[    4.353874] EXT4-fs (nvme0n1p1): mounted filesystem with ordered data mode. Opts: (null)
[    4.357602] Rootfs mounted over PARTUUID=d80cd0b2-61f6-4157-89ab-d54513230d41
[    4.365821] Switching from initrd to actual rootfs
[    4.448564] systemd[1]: systemd 245.4-4ubuntu3.21 running in system mode. (+PAM +AUDIT +SELINUX +IMA +APPARMOR +SMACK +SYSVINIT +UTMP +LIBCRYPTSETUP +GCRYPT +GNUTLS +ACL +XZ +LZ4 +SECCOMP +BLKID +ELFUTILS +KMOD +IDN2 -IDN +PCRE2 default-hierarchy=hybrid)
[    4.449027] systemd[1]: Detected architecture arm64.
[    4.474918] systemd[1]: Set hostname to <nvidia-desktop>.
[    4.596980] random: systemd: uninitialized urandom read (16 bytes read)
[    4.597050] systemd[1]: system-modprobe.slice: unit configures an IP firewall, but the local system does not support BPF/cgroup firewalling.
[    4.597054] systemd[1]: (This warning is only shown for the first unit using IP firewalling.)
[    4.598020] systemd[1]: Created slice system-modprobe.slice.
[    4.598101] random: systemd: uninitialized urandom read (16 bytes read)
[    4.598518] systemd[1]: Created slice system-serial\x2dgetty.slice.
[    4.598538] random: systemd: uninitialized urandom read (16 bytes read)
[    4.598876] systemd[1]: Created slice User and Session Slice.
[    4.598966] systemd[1]: Started Forward Password Requests to Wall Directory Watch.
[    4.599210] systemd[1]: Set up automount Arbitrary Executable File Formats File System Automount Point.
[    4.599280] systemd[1]: Reached target User and Group Name Lookups.
[    4.599311] systemd[1]: Reached target Slices.
[    4.599329] systemd[1]: Reached target Mounting snaps.
[    4.599343] systemd[1]: Reached target Mounted snaps.
[    4.599360] systemd[1]: Reached target Swap.
[    4.599598] systemd[1]: Listening on RPCbind Server Activation Socket.
[    4.599719] systemd[1]: Listening on Syslog Socket.
[    4.599828] systemd[1]: Listening on fsck to fsckd communication Socket.
[    4.599894] systemd[1]: Listening on initctl Compatibility Named Pipe.
[    4.600110] systemd[1]: Listening on Journal Audit Socket.
[    4.600220] systemd[1]: Listening on Journal Socket (/dev/log).
[    4.600354] systemd[1]: Listening on Journal Socket.
[    4.600485] systemd[1]: Listening on udev Control Socket.
[    4.600564] systemd[1]: Listening on udev Kernel Socket.
[    4.601745] systemd[1]: Mounting Huge Pages File System...
[    4.602975] systemd[1]: Mounting POSIX Message Queue File System...
[    4.604105] systemd[1]: Mounting RPC Pipe File System...
[    4.605443] systemd[1]: Mounting Kernel Debug File System...
[    4.606791] systemd[1]: Mounting Kernel Trace File System...
[    4.608232] systemd[1]: Starting Journal Service...
[    4.609986] systemd[1]: Starting Set the console keyboard layout...
[    4.611359] systemd[1]: Starting Create list of static device nodes for the current kernel...
[    4.612614] systemd[1]: Starting Load Kernel Module chromeos_pstore...
[    4.612661] systemd[1]: Condition check resulted in Load Kernel Module drm being skipped.
[    4.613772] systemd[1]: Starting Load Kernel Module efi_pstore...
[    4.615032] systemd[1]: Starting Load Kernel Module pstore_blk...
[    4.616243] systemd[1]: Starting Load Kernel Module pstore_zone...
[    4.617390] systemd[1]: Starting Load Kernel Module ramoops...
[    4.618738] systemd[1]: Starting NVIDIA specific first-boot udev script...
[    4.620132] systemd[1]: Started Nameserver information manager.
[    4.620342] systemd[1]: Reached target Network (Pre).
[    4.621574] systemd[1]: Condition check resulted in Set Up Additional Binary Formats being skipped.
[    4.621618] systemd[1]: Condition check resulted in File System Check on Root Device being skipped.
[    4.624190] systemd[1]: Starting Load Kernel Modules...
[    4.625406] systemd[1]: Starting Remount Root and Kernel File Systems...
[    4.626585] systemd[1]: Starting udev Coldplug all Devices...
[    4.628417] systemd[1]: Mounted Huge Pages File System.
[    4.628652] systemd[1]: Mounted POSIX Message Queue File System.
[    4.628841] systemd[1]: Mounted RPC Pipe File System.
[    4.629023] systemd[1]: Mounted Kernel Debug File System.
[    4.629191] systemd[1]: Mounted Kernel Trace File System.
[    4.630097] systemd[1]: Finished Create list of static device nodes for the current kernel.
[    4.630548] systemd[1]: modprobe@chromeos_pstore.service: Succeeded.
[    4.630997] systemd[1]: Finished Load Kernel Module chromeos_pstore.
[    4.631363] systemd[1]: modprobe@efi_pstore.service: Succeeded.
[    4.631782] systemd[1]: Finished Load Kernel Module efi_pstore.
[    4.632133] systemd[1]: modprobe@pstore_blk.service: Succeeded.
[    4.632423] EXT4-fs (nvme0n1p1): re-mounted. Opts: (null)
[    4.632638] systemd[1]: Finished Load Kernel Module pstore_blk.
[    4.633585] systemd[1]: modprobe@pstore_zone.service: Succeeded.
[    4.634053] systemd[1]: Finished Load Kernel Module pstore_zone.
[    4.634426] systemd[1]: modprobe@ramoops.service: Succeeded.
[    4.634937] systemd[1]: Finished Load Kernel Module ramoops.
[    4.635302] systemd[1]: nvfb-udev.service: Succeeded.
[    4.636105] systemd[1]: Finished NVIDIA specific first-boot udev script.
[    4.636522] r8168 0008:01:00.0: Adding to iommu group 10
[    4.636776] r8168 Gigabit Ethernet driver 8.051.02-NAPI loaded
[    4.636861] r8168 0008:01:00.0: enabling device (0000 -> 0003)
[    4.638513] systemd[1]: Finished Remount Root and Kernel File Systems.
[    4.639175] systemd[1]: Condition check resulted in Rebuild Hardware Database being skipped.
[    4.639220] systemd[1]: Condition check resulted in Platform Persistent Storage Archival being skipped.
[    4.641035] systemd[1]: Starting Load/Save Random Seed...
[    4.642549] systemd[1]: Starting Create System Users...
[    4.652714] systemd[1]: Finished Create System Users.
[    4.654494] systemd[1]: Starting Create Static Device Nodes in /dev...
[    4.654786] r8168: This product is covered by one or more of the following patents: US6,570,884, US6,115,776, and US6,327,625.
[    4.656872] r8168  Copyright (C) 2022 Realtek NIC software team <nicfae@realtek.com> 
                This program comes with ABSOLUTELY NO WARRANTY; for details, please see <http://www.gnu.org/licenses/>. 
                This is free software, and you are welcome to redistribute it under certain conditions; see <http://www.gnu.org/licenses/>. 
[    4.659868] Intel(R) 2.5G Ethernet Linux Driver
[    4.659872] Copyright(c) 2018 Intel Corporation.
[    4.660222] igc 0001:01:00.0: Adding to iommu group 7
[    4.660483] igc 0001:01:00.0: enabling device (0000 -> 0002)
[    4.663176] systemd[1]: Finished Set the console keyboard layout.
[    4.667454] systemd[1]: Finished Create Static Device Nodes in /dev.
[    4.667695] systemd[1]: Reached target Local File Systems (Pre).
[    4.667727] systemd[1]: Reached target Local File Systems.
[    4.667783] systemd[1]: Condition check resulted in Load AppArmor profiles being skipped.
[    4.669076] systemd[1]: Starting Enable support for additional executable binary formats...
[    4.670747] systemd[1]: Starting Set console font and keymap...
[    4.672282] systemd[1]: Starting Preprocess NFS configuration...
[    4.673892] systemd[1]: Starting Tell Plymouth To Write Out Runtime Data...
[    4.673934] systemd[1]: Condition check resulted in Load AppArmor profiles managed internally by snapd being skipped.
[    4.674015] systemd[1]: Condition check resulted in Commit a transient machine-id on disk being skipped.
[    4.675551] systemd[1]: Starting udev Kernel Device Manager...
[    4.677132] systemd[1]: Finished Set console font and keymap.
[    4.677594] systemd[1]: nfs-config.service: Succeeded.
[    4.678672] systemd[1]: Finished Preprocess NFS configuration.
[    4.678923] systemd[1]: proc-sys-fs-binfmt_misc.automount: Got automount request for /proc/sys/fs/binfmt_misc, triggered by 306 (update-binfmts)
[    4.680319] systemd[1]: Mounting Arbitrary Executable File Formats File System...
[    4.680369] systemd[1]: Condition check resulted in RPC security service for NFS client and server being skipped.
[    4.680412] systemd[1]: Reached target NFS client services.
[    4.686569] systemd[1]: Mounted Arbitrary Executable File Formats File System.
[    4.687046] systemd[1]: plymouth-read-write.service: Succeeded.
[    4.688138] systemd[1]: Finished Tell Plymouth To Write Out Runtime Data.
[    4.689596] systemd[1]: Finished Enable support for additional executable binary formats.
[    4.700180] systemd[1]: Started Journal Service.
[    4.707130] systemd-journald[276]: Received client request to flush runtime journal.
[    4.716826] igc 0001:01:00.0 (unnamed net_device) (uninitialized): PHC added
[    4.742907] igc 0001:01:00.0: 4.000 Gb/s available PCIe bandwidth (5.0 GT/s PCIe x1 link)
[    4.742916] igc 0001:01:00.0 eth1: MAC: 00:60:e0:ac:d2:b8
[    4.760413] nvmap_heap_init: nvmap_heap_init: created heap block cache
[    4.760989] nvmap_page_pool_init: Total RAM pages: 3973945
[    4.760993] nvmap_page_pool_init: nvmap page pool size: 496743 pages (1940 MB)
[    4.761067] nvmap_background_zero_thread: PP zeroing thread starting.
[    4.799296] nvgpu: 17000000.ga10b          nvgpu_nvhost_syncpt_init:135  [INFO]  syncpt_unit_base 60000000 syncpt_unit_size 4000000 size 10000

[    4.930350] nvidia: loading out-of-tree module taints kernel.
[    4.963218] nv_platform 13800000.display: Adding to iommu group 54
[    4.966188] platform 13800000.display:nvdisplay-niso: Adding to iommu group 55
[    4.970851] irq: IRQ315: trimming hierarchy from :pmc@c360000
[    4.976588] NVRM: loading NVIDIA UNIX Open Kernel Module for aarch64  35.4.1  Release Build  (axio@axio-desktop)  Tue Dec  5 17:47:28 CST 2023
[    5.009567] tegra-hda 3510000.hda: Adding to iommu group 56
[    5.017727] spi-tegra114 3210000.spi: Adding to iommu group 2
[    5.018202] imx219 9-0010: tegracam sensor driver:imx219_v2.0.6
[    5.028933] imx219 9-0010: imx219_board_setup: error during i2c read probe (-121)
[    5.045010] input: NVIDIA Jetson Orin NX HDA HDMI/DP,pcm=3 as /devices/platform/3510000.hda/sound/card0/input1
[    5.045091] input: NVIDIA Jetson Orin NX HDA HDMI/DP,pcm=7 as /devices/platform/3510000.hda/sound/card0/input2
[    5.045167] input: NVIDIA Jetson Orin NX HDA HDMI/DP,pcm=8 as /devices/platform/3510000.hda/sound/card0/input3
[    5.045235] input: NVIDIA Jetson Orin NX HDA HDMI/DP,pcm=9 as /devices/platform/3510000.hda/sound/card0/input4
[    5.051704] irq: IRQ316: trimming hierarchy from :pmc@c360000
[    5.052074] spi-tegra114 3230000.spi: Adding to iommu group 2
[    5.054840] imx219 9-0010: board setup failed
[    5.058363] fusb301 1-0025: failed to read device id, err : 0xffffff87
[    5.059404] imx219: probe of 9-0010 failed with error -121
[    5.072490] tegra-adma 2930000.adma: Tegra210 ADMA driver registered 16 channels
[    5.074384] imx219 10-0010: tegracam sensor driver:imx219_v2.0.6
[    5.075966] fusb301 1-0025: fusb301 not support
[    5.080813] cpu-throttle-alert cooling device registered.
[    5.081228] gpu-throttle-alert cooling device registered.
[    5.081260] fusb301: probe of 1-0025 failed with error -22
[    5.081390] nvadsp 2993000.adsp: Adding to iommu group 57
[    5.087192] cv0-throttle-alert cooling device registered.
[    5.087218] nvadsp 2993000.adsp: in probe()...
[    5.087678] cv1-throttle-alert cooling device registered.
[    5.087771] imx219 10-0010: imx219_board_setup: error during i2c read probe (-121)
[    5.088004] cv2-throttle-alert cooling device registered.
[    5.096286] soc0-throttle-alert cooling device registered.
[    5.096564] nvadsp 2993000.adsp: nvadsp_app_module_probe
[    5.096611] soc1-throttle-alert cooling device registered.
[    5.097005] soc2-throttle-alert cooling device registered.
[    5.099756] hot-surface-alert cooling device registered.
[    5.101135] imx219 10-0010: board setup failed
[    5.105941] imx219: probe of 10-0010 failed with error -121
[    5.121620] usbcore: registered new interface driver btusb
[    5.124217] rtk_btusb: Realtek Bluetooth USB driver ver 3.1.156d109.20220110-123626
[    5.124221] rtk_btcoex: rtk_btcoex_init: version: 1.2
[    5.124223] rtk_btcoex: create workqueue
[    5.124300] rtk_btcoex: alloc buffers 1792, 2432 for ev and l2
[    5.124342] usbcore: registered new interface driver rtk_btusb
[    5.127762] ath10k_pci 0009:01:00.0: Adding to iommu group 11
[    5.128303] ath10k_pci 0009:01:00.0: enabling device (0000 -> 0002)
[    5.129633] ath10k_pci 0009:01:00.0: pci irq msi oper_irq_mode 2 irq_mode 0 reset_mode 0
[    5.147281] tegra210-adsp aconnect@2a41000:adsp_audio: Adding to iommu group 57
[    5.147312] tegra210_adsp_audio_probe: platform probe started
[    5.147721] tegra210-adsp tegra210-adsp: Default param-type to BYTE for mp3-dec1
[    5.147987] tegra210-adsp tegra210-adsp: Default param-type to BYTE for spkprot
[    5.148231] tegra210-adsp tegra210-adsp: Default param-type to BYTE for src
[    5.148473] tegra210-adsp tegra210-adsp: Default param-type to BYTE for aac-dec1
[    5.148710] tegra210-adsp tegra210-adsp: Default param-type to BYTE for aec
[    5.148946] tegra210-adsp tegra210-adsp: Default param-type to BYTE for wire
[    5.148949] tegra210-adsp tegra210-adsp: adma channel page address dt entry not found
[    5.148950] tegra210-adsp tegra210-adsp: using adma channel page 0
[    5.149003] nvadsp 2993000.adsp: ADSP OS firmware already loaded
[    5.269664] cryptd: max_cpu_qlen set to 1000
[    5.425180] ath10k_pci 0009:01:00.0: qca6174 hw3.2 target 0x05030000 chip_id 0x00340aff sub 11ad:0808
[    5.425186] ath10k_pci 0009:01:00.0: kconfig debug 0 debugfs 1 tracing 0 dfs 0 testmode 0
[    5.425235] ath10k_pci 0009:01:00.0: firmware ver WLAN.RM.4.4.1-00140-QCARMSWPZ-1 api 6 features wowlan,ignore-otp,mfp crc32 29eb8ca1
[    5.453619] tegra210-adsp tegra210-adsp: Loaded app wire
[    5.453625] tegra210-adsp tegra210-adsp: Loaded app apm
[    5.453627] tegra210-adsp tegra210-adsp: Loaded app adma
[    5.453628] tegra210-adsp tegra210-adsp: Loaded app adma_tx
[    5.453631] nvadsp_set_adma_dump_reg: callback for adma reg dump is sent to (____ptrval____)
[    5.474118] tegra210-adsp tegra210-adsp: Tegra210 ADSP driver successfully registered
[    5.490751] ath10k_pci 0009:01:00.0: board_file api 2 bmi_id N/A crc32 4ac0889b
[    5.602735] ath10k_pci 0009:01:00.0: htt-ver 3.60 wmi-op 4 htt-op 3 cal otp max-sta 32 raw 0 hwcrypto 1
[    5.618326] random: crng init done
[    5.621831] random: 303 urandom warning(s) missed due to ratelimiting
[    5.690067] ath: EEPROM regdomain: 0x6c
[    5.690069] using random self ethernet address
[    5.690074] using random host ethernet address
[    5.694826] ath: EEPROM indicates we should expect a direct regpair map
[    5.699287] ath: Country alpha2 being used: 00
[    5.699288] ath: Regpair used: 0x6c
[    5.728754] Bluetooth: BNEP (Ethernet Emulation) ver 1.3
[    5.728767] Bluetooth: BNEP socket layer initialized
[    5.817636] eth0: 0xffff80001010f000, 3c:6d:66:03:87:49, IRQ 309
[    5.970924] pstore: Using crash dump compression: deflate
[    5.970956] printk: console [ramoops-1] enabled
[    5.970959] pstore: Registered ramoops as persistent store backend
[    5.970961] ramoops: using 0x200000@0x46ea70000, ecc: 0
[    6.007139] loop: module loaded
[    6.114550] nvgpu: 17000000.ga10b                  gk20a_scale_init:541  [INFO]  enabled scaling for GPU

[    6.150816] can: controller area network core
[    6.150864] NET: Registered protocol family 29
[    6.160404] can: raw protocol
[    6.162786] zram: Added device: zram0
[    6.163589] zram: Added device: zram1
[    6.170446] zram: Added device: zram2
[    6.171844] zram: Added device: zram3
[    6.174986] zram: Added device: zram4
[    6.175187] zram: Added device: zram5
[    6.175310] zram: Added device: zram6
[    6.179233] zram: Added device: zram7
[    6.201755] Mass Storage Function, version: 2009/09/11
[    6.201763] LUN: removable file: (no medium)
[    6.205832] using random self ethernet address
[    6.209017] zram0: detected capacity change from 0 to 1017331712
[    6.210779] using random host ethernet address
[    6.260683] rndis0: HOST MAC 66:62:c4:17:38:68
[    6.260688] rndis0: MAC 66:62:c4:17:38:69
[    6.261187] usb0: HOST MAC 66:62:c4:17:38:6a
[    6.261190] usb0: MAC 66:62:c4:17:38:6b
[    6.261237] can: broadcast manager protocol
[    6.262037] tegra-xudc 3550000.xudc: EP 0 (type: ctrl, dir: out) enabled
[    6.262387] Adding 993484k swap on /dev/zram0.  Priority:5 extents:1 across:993484k SS
[    6.264800] zram1: detected capacity change from 0 to 1017331712
[    6.266759] can: netlink gateway - max_hops=1
[    6.269307] l4tbr0: port 1(rndis0) entered blocking state
[    6.269323] l4tbr0: port 1(rndis0) entered disabled state
[    6.269465] device rndis0 entered promiscuous mode
[    6.272004] CAN device driver interface
[    6.275803] l4tbr0: port 2(usb0) entered blocking state
[    6.275821] l4tbr0: port 2(usb0) entered disabled state
[    6.276114] device usb0 entered promiscuous mode
[    6.285222] 	 Message RAM Configuration
               	| base addr   |0x0c312000|
               	| sidfc_flssa |0x00000000|
               	| xidfc_flesa |0x00000040|
               	| rxf0c_f0sa  |0x000000c0|
               	| rxf1c_f1sa  |0x000009c0|
               	| rxbc_rbsa   |0x000009c0|
               	| txefc_efsa  |0x000009c0|
               	| txbc_tbsa   |0x00000a40|
               	| tmc_tmsa    |0x00000ec0|
               	| mram size   |0x00001000|
[    6.286705] Release 3.2.3 from 09.06.2018
[    6.287047] net can0: mttcan device registered (regs=0000000059a75ca0, irq=113)
[    6.310732] Adding 993484k swap on /dev/zram1.  Priority:5 extents:1 across:993484k SS
[    6.312309] zram2: detected capacity change from 0 to 1017331712
[    6.338571] Adding 993484k swap on /dev/zram2.  Priority:5 extents:1 across:993484k SS
[    6.339986] zram3: detected capacity change from 0 to 1017331712
[    6.374477] Adding 993484k swap on /dev/zram3.  Priority:5 extents:1 across:993484k SS
[    6.375827] zram4: detected capacity change from 0 to 1017331712
[    6.410472] Adding 993484k swap on /dev/zram4.  Priority:5 extents:1 across:993484k SS
[    6.411751] zram5: detected capacity change from 0 to 1017331712
[    6.454495] Adding 993484k swap on /dev/zram5.  Priority:5 extents:1 across:993484k SS
[    6.455836] zram6: detected capacity change from 0 to 1017331712
[    6.490487] Adding 993484k swap on /dev/zram6.  Priority:5 extents:1 across:993484k SS
[    6.491799] zram7: detected capacity change from 0 to 1017331712
[    6.534422] Adding 993484k swap on /dev/zram7.  Priority:5 extents:1 across:993484k SS
[    8.428939] Bridge firewalling registered
[    8.621203] fuse: init (API version 7.32)
[    8.627817] nvidia-modeset: Loading NVIDIA UNIX Open Kernel Mode Setting Driver for aarch64  35.4.1  Release Build  (axio@axio-desktop)  Tue Dec  5 17:47:29 CST 2023
[   11.248914] wlan0: authenticate with 7a:45:58:1b:b7:5a
[   11.287175] wlan0: send auth to 7a:45:58:1b:b7:5a (try 1/3)
[   11.290369] wlan0: authenticated
[   11.294349] wlan0: associate with 7a:45:58:1b:b7:5a (try 1/3)
[   11.301962] wlan0: RX AssocResp from 7a:45:58:1b:b7:5a (capab=0x1111 status=0 aid=12)
[   11.304758] wlan0: associated
[   11.305033] ath: EEPROM regdomain: 0x8164
[   11.305037] ath: EEPROM indicates we should expect a country code
[   11.305041] ath: doing EEPROM country->regdmn map search
[   11.305045] ath: country maps to regdmn code: 0x5b
[   11.305049] ath: Country alpha2 being used: IN
[   11.305052] ath: Regpair used: 0x5b
[   11.305056] ath: regdomain 0x8164 dynamically updated by country element
[   11.314047] wlan0: Limiting TX power to 23 (23 - 0) dBm as advertised by 7a:45:58:1b:b7:5a
[   11.326427] IPv6: ADDRCONF(NETDEV_CHANGE): wlan0: link becomes ready
[   19.796260] pwm-tegra-tachometer 39c0000.tachometer: Tachometer Overflow is detected
[  802.541114] cpufreq: cpu4,cur:1958000,set:1804800,set ndiv:141
[ 4749.469284] v4l2loopback: module verification failed: signature and/or required key missing - tainting kernel
[ 4749.480126] v4l2loopback driver version 0.12.3 loaded
[14000.463109] nvgpu: 17000000.ga10b             railgate_enable_store:323  [INFO]  railgate is disabled.
[14021.691966] Adding 8388604k swap on /swapfile.  Priority:-2 extents:11 across:9592828k SS
[14425.588559] nvgpu: 17000000.ga10b             railgate_enable_store:323  [INFO]  railgate is disabled.
[14576.937351] cpufreq: cpu4,cur:2147000,set:1984000,set ndiv:155
[14579.939032] cpufreq: cpu4,cur:2115000,set:1984000,set ndiv:155
[14587.945823] cpufreq: cpu0,cur:2224000,set:1984000,set ndiv:155
[14588.949838] cpufreq: cpu4,cur:1785000,set:1984000,set ndiv:155
[14594.956212] cpufreq: cpu4,cur:2124000,set:1984000,set ndiv:155
[14598.953776] cpufreq: cpu0,cur:1755000,set:1984000,set ndiv:155
[14600.960883] cpufreq: cpu4,cur:2151000,set:1984000,set ndiv:155
[14601.959917] cpufreq: cpu4,cur:1844000,set:1984000,set ndiv:155
[14603.963873] cpufreq: cpu4,cur:1830000,set:1984000,set ndiv:155
[14607.968778] cpufreq: cpu4,cur:2115000,set:1984000,set ndiv:155
[14609.968675] cpufreq: cpu4,cur:2171000,set:1984000,set ndiv:155
[14610.969541] cpufreq: cpu4,cur:1843000,set:1984000,set ndiv:155
[14611.967521] cpufreq: cpu0,cur:2246000,set:1984000,set ndiv:155
[14614.971429] cpufreq: cpu0,cur:2121000,set:1984000,set ndiv:155
[14616.973292] cpufreq: cpu0,cur:1828000,set:1984000,set ndiv:155
[14618.979351] cpufreq: cpu4,cur:1805000,set:1984000,set ndiv:155
[14619.979299] cpufreq: cpu4,cur:2118000,set:1984000,set ndiv:155
[14623.982368] cpufreq: cpu4,cur:1857000,set:1984000,set ndiv:155
[14624.983234] cpufreq: cpu4,cur:2192000,set:1984000,set ndiv:155
[14625.984231] cpufreq: cpu4,cur:2140000,set:1984000,set ndiv:155
[14626.985228] cpufreq: cpu4,cur:2107000,set:1984000,set ndiv:155
[14627.987274] cpufreq: cpu4,cur:1852000,set:1984000,set ndiv:155
[14630.983840] cpufreq: cpu0,cur:2106000,set:1984000,set ndiv:155
[14633.987879] cpufreq: cpu0,cur:2146000,set:1984000,set ndiv:155
[14635.994987] cpufreq: cpu4,cur:2104000,set:1984000,set ndiv:155
[14636.992708] cpufreq: cpu4,cur:1848000,set:1984000,set ndiv:155
[14637.994883] cpufreq: cpu4,cur:1831000,set:1984000,set ndiv:155
[14640.996695] cpufreq: cpu4,cur:1845000,set:1984000,set ndiv:155
[14644.002830] cpufreq: cpu4,cur:2195000,set:1984000,set ndiv:155
[14645.002648] cpufreq: cpu4,cur:2169000,set:1984000,set ndiv:155
[14647.002545] cpufreq: cpu4,cur:2108000,set:1984000,set ndiv:155
[14648.005639] cpufreq: cpu4,cur:1763000,set:1984000,set ndiv:155
[14650.004617] cpufreq: cpu0,cur:2117000,set:1984000,set ndiv:155
[14651.006402] cpufreq: cpu4,cur:2113000,set:1984000,set ndiv:155
[14652.008577] cpufreq: cpu4,cur:1807000,set:1984000,set ndiv:155
[14656.008107] cpufreq: cpu0,cur:2111000,set:1984000,set ndiv:155
[14657.014348] cpufreq: cpu4,cur:2115000,set:1984000,set ndiv:155
[14658.015344] cpufreq: cpu4,cur:2212000,set:1984000,set ndiv:155
[14661.015186] cpufreq: cpu0,cur:1802000,set:1984000,set ndiv:155
[14662.013956] cpufreq: cpu0,cur:1857000,set:1984000,set ndiv:155
[14663.019150] cpufreq: cpu4,cur:1800000,set:1984000,set ndiv:155
[14664.022112] cpufreq: cpu4,cur:2111000,set:1984000,set ndiv:155
[14665.023109] cpufreq: cpu4,cur:2100000,set:1984000,set ndiv:155
[14669.022900] cpufreq: cpu0,cur:2141000,set:1984000,set ndiv:155
[14674.030770] cpufreq: cpu4,cur:1833000,set:1984000,set ndiv:155
[14675.031767] cpufreq: cpu4,cur:2146000,set:1984000,set ndiv:155
[14676.033812] cpufreq: cpu4,cur:2151000,set:1984000,set ndiv:155
[14681.036700] cpufreq: cpu4,cur:1812000,set:1984000,set ndiv:155
[14683.040659] cpufreq: cpu4,cur:1812000,set:1984000,set ndiv:155
[14686.043387] cpufreq: cpu4,cur:1795000,set:1984000,set ndiv:155
[14689.044412] cpufreq: cpu4,cur:1780000,set:1984000,set ndiv:155
[14690.046326] cpufreq: cpu4,cur:2217000,set:1984000,set ndiv:155
[14691.047326] cpufreq: cpu4,cur:2162000,set:1984000,set ndiv:155
[14693.047222] cpufreq: cpu4,cur:2137000,set:1984000,set ndiv:155
[14694.049135] cpufreq: cpu4,cur:1753000,set:1984000,set ndiv:155
[14695.052229] cpufreq: cpu4,cur:1854000,set:1984000,set ndiv:155
[14699.056216] cpufreq: cpu4,cur:2152000,set:1984000,set ndiv:155
[14700.053939] cpufreq: cpu4,cur:1867000,set:1984000,set ndiv:155
[14710.065607] cpufreq: cpu4,cur:1848000,set:1984000,set ndiv:155
[14715.070593] cpufreq: cpu4,cur:2103000,set:1984000,set ndiv:155
[14717.073634] cpufreq: cpu4,cur:2171000,set:1984000,set ndiv:155
[14722.076261] cpufreq: cpu4,cur:2150000,set:1984000,set ndiv:155
[14724.078254] cpufreq: cpu4,cur:1857000,set:1984000,set ndiv:155
[14726.081165] cpufreq: cpu4,cur:2100000,set:1984000,set ndiv:155
[14727.080199] cpufreq: cpu4,cur:2130000,set:1984000,set ndiv:155
[14732.087146] cpufreq: cpu4,cur:2112000,set:1984000,set ndiv:155
[14735.088040] cpufreq: cpu4,cur:2124000,set:1984000,set ndiv:155
[14751.702725] cpufreq: cpu4,cur:2150000,set:1984000,set ndiv:155
[14752.701627] cpufreq: cpu0,cur:2105000,set:1984000,set ndiv:155
[14758.711015] cpufreq: cpu4,cur:1845000,set:1984000,set ndiv:155
[14762.712122] cpufreq: cpu4,cur:1840000,set:1984000,set ndiv:155
[14763.715213] cpufreq: cpu4,cur:1822000,set:1984000,set ndiv:155
[14764.713061] cpufreq: cpu0,cur:2115000,set:1984000,set ndiv:155
[14764.714244] cpufreq: cpu4,cur:2108000,set:1984000,set ndiv:155
[14765.716159] cpufreq: cpu4,cur:1797000,set:1984000,set ndiv:155
[14766.715978] cpufreq: cpu4,cur:1809000,set:1984000,set ndiv:155
[14767.719461] cpufreq: cpu4,cur:2148000,set:1984000,set ndiv:155
[14770.722977] cpufreq: cpu4,cur:1855000,set:1984000,set ndiv:155
[14772.722874] cpufreq: cpu4,cur:2143000,set:1984000,set ndiv:155
[14774.726965] cpufreq: cpu4,cur:2135000,set:1984000,set ndiv:155
[14775.727831] cpufreq: cpu4,cur:2130000,set:1984000,set ndiv:155
[14776.723714] cpufreq: cpu0,cur:2132000,set:1984000,set ndiv:155
[14781.731585] cpufreq: cpu4,cur:2101000,set:1984000,set ndiv:155
[14784.732473] cpufreq: cpu0,cur:1806000,set:1984000,set ndiv:155
[14788.738432] cpufreq: cpu4,cur:1824000,set:1984000,set ndiv:155
[14790.736228] cpufreq: cpu0,cur:2129000,set:1984000,set ndiv:155
[14792.740716] cpufreq: cpu4,cur:2141000,set:1984000,set ndiv:155
[14793.739481] cpufreq: cpu0,cur:2115000,set:1984000,set ndiv:155
[14795.746588] cpufreq: cpu4,cur:1865000,set:1984000,set ndiv:155
[14796.742472] cpufreq: cpu0,cur:1852000,set:1984000,set ndiv:155
[14797.746485] cpufreq: cpu4,cur:2224000,set:1984000,set ndiv:155
[14801.749295] cpufreq: cpu4,cur:1853000,set:1984000,set ndiv:155
[14805.752229] cpufreq: cpu0,cur:2140000,set:1984000,set ndiv:155
[14805.755506] cpufreq: cpu4,cur:1823000,set:1984000,set ndiv:155
[14811.759261] cpufreq: cpu4,cur:2171000,set:1984000,set ndiv:155
[14812.761307] cpufreq: cpu4,cur:1841000,set:1984000,set ndiv:155
[14816.766212] cpufreq: cpu4,cur:1822000,set:1984000,set ndiv:155
[14817.765111] cpufreq: cpu4,cur:1864000,set:1984000,set ndiv:155
[14821.765821] cpufreq: cpu0,cur:2158000,set:1984000,set ndiv:155
[14821.771063] cpufreq: cpu4,cur:1863000,set:1984000,set ndiv:155
[14823.769260] cpufreq: cpu4,cur:2111000,set:1984000,set ndiv:155
[14826.770149] cpufreq: cpu0,cur:2120000,set:1984000,set ndiv:155
[14828.777257] cpufreq: cpu4,cur:1822000,set:1984000,set ndiv:155
[14831.779068] cpufreq: cpu4,cur:2100000,set:1984000,set ndiv:155
[14832.774951] cpufreq: cpu0,cur:1862000,set:1984000,set ndiv:155
[14832.781242] cpufreq: cpu4,cur:1862000,set:1984000,set ndiv:155
[14834.776945] cpufreq: cpu0,cur:2176000,set:1984000,set ndiv:155
[14836.785101] cpufreq: cpu4,cur:1846000,set:1984000,set ndiv:155
[14837.778628] cpufreq: cpu0,cur:2126000,set:1984000,set ndiv:155
[14837.785047] cpufreq: cpu4,cur:2153000,set:1984000,set ndiv:155
[14841.788905] cpufreq: cpu4,cur:2201000,set:1984000,set ndiv:155
[14842.788723] cpufreq: cpu4,cur:1837000,set:1984000,set ndiv:155
[14843.788673] cpufreq: cpu4,cur:1844000,set:1984000,set ndiv:155
[14845.792759] cpufreq: cpu4,cur:1827000,set:1984000,set ndiv:155
[14847.793573] cpufreq: cpu4,cur:2154000,set:1984000,set ndiv:155
[14848.794573] cpufreq: cpu4,cur:1862000,set:1984000,set ndiv:155
[14851.798481] cpufreq: cpu4,cur:1830000,set:1984000,set ndiv:155
[14854.801732] cpufreq: cpu4,cur:2101000,set:1984000,set ndiv:155
[14855.802468] cpufreq: cpu4,cur:1857000,set:1984000,set ndiv:155
[14859.806324] cpufreq: cpu4,cur:1836000,set:1984000,set ndiv:155
[14860.805224] cpufreq: cpu4,cur:2201000,set:1984000,set ndiv:155
[14865.812175] cpufreq: cpu4,cur:2122000,set:1984000,set ndiv:155
[14868.813985] cpufreq: cpu4,cur:2154000,set:1984000,set ndiv:155
[14873.818972] cpufreq: cpu4,cur:1861000,set:1984000,set ndiv:155
[14874.816688] cpufreq: cpu0,cur:1839000,set:1984000,set ndiv:155
[14876.816585] cpufreq: cpu0,cur:2102000,set:1984000,set ndiv:155
[14881.823535] cpufreq: cpu0,cur:1862000,set:1984000,set ndiv:155
[14884.828493] cpufreq: cpu4,cur:1850000,set:1984000,set ndiv:155
[14885.831588] cpufreq: cpu4,cur:1815000,set:1984000,set ndiv:155
[14889.831250] cpufreq: cpu0,cur:1843000,set:1984000,set ndiv:155
[14895.841163] cpufreq: cpu4,cur:1824000,set:1984000,set ndiv:155
[14896.840062] cpufreq: cpu4,cur:1838000,set:1984000,set ndiv:155
[14897.838961] cpufreq: cpu0,cur:2101000,set:1984000,set ndiv:155
[14898.844022] cpufreq: cpu4,cur:2135000,set:1984000,set ndiv:155
[14899.843053] cpufreq: cpu4,cur:2123000,set:1984000,set ndiv:155
[14902.843290] cpufreq: cpu0,cur:2163000,set:1984000,set ndiv:155
[14903.844286] cpufreq: cpu0,cur:1864000,set:1984000,set ndiv:155
[14908.852942] cpufreq: cpu4,cur:1816000,set:1984000,set ndiv:155
[14909.846602] cpufreq: cpu0,cur:2102000,set:1984000,set ndiv:155
[14909.849872] cpufreq: cpu0,cur:1855000,set:1984000,set ndiv:155
[14910.850609] cpufreq: cpu0,cur:1798000,set:1984000,set ndiv:155
[14912.854703] cpufreq: cpu4,cur:1837000,set:1984000,set ndiv:155
[14913.856617] cpufreq: cpu4,cur:1832000,set:1984000,set ndiv:155
[14914.856695] cpufreq: cpu4,cur:1846000,set:1984000,set ndiv:155
[14915.854414] cpufreq: cpu0,cur:1836000,set:1984000,set ndiv:155
[14918.861601] cpufreq: cpu4,cur:1864000,set:1984000,set ndiv:155
[14919.860368] cpufreq: cpu4,cur:1867000,set:1984000,set ndiv:155
[14920.863461] cpufreq: cpu4,cur:1860000,set:1984000,set ndiv:155
[14925.868446] cpufreq: cpu4,cur:1832000,set:1984000,set ndiv:155
[14926.863025] cpufreq: cpu0,cur:2108000,set:1984000,set ndiv:155
[14928.870257] cpufreq: cpu4,cur:2103000,set:1984000,set ndiv:155
[14929.871123] cpufreq: cpu4,cur:1863000,set:1984000,set ndiv:155
[14930.870155] cpufreq: cpu0,cur:2109000,set:1984000,set ndiv:155
[14931.872069] cpufreq: cpu4,cur:1819000,set:1984000,set ndiv:155
[14936.879017] cpufreq: cpu4,cur:2173000,set:1984000,set ndiv:155
[14938.882061] cpufreq: cpu4,cur:2149000,set:1984000,set ndiv:155
[14942.879627] cpufreq: cpu0,cur:1864000,set:1984000,set ndiv:155
[14945.886548] cpufreq: cpu4,cur:2121000,set:1984000,set ndiv:155
[14946.887675] cpufreq: cpu4,cur:2146000,set:1984000,set ndiv:155
[14950.886423] cpufreq: cpu0,cur:1836000,set:1984000,set ndiv:155
[14951.889385] cpufreq: cpu0,cur:1816000,set:1984000,set ndiv:155
[14952.894575] cpufreq: cpu4,cur:1834000,set:1984000,set ndiv:155
[14953.893344] cpufreq: cpu4,cur:1824000,set:1984000,set ndiv:155
[14954.894471] cpufreq: cpu4,cur:2130000,set:1984000,set ndiv:155
[14960.898095] cpufreq: cpu0,cur:1839000,set:1984000,set ndiv:155
[14966.906041] cpufreq: cpu4,cur:1826000,set:1984000,set ndiv:155
[14967.902845] cpufreq: cpu0,cur:2160000,set:1984000,set ndiv:155
[14973.908695] cpufreq: cpu0,cur:2122000,set:1984000,set ndiv:155
[14975.914750] cpufreq: cpu4,cur:1845000,set:1984000,set ndiv:155
[14976.915878] cpufreq: cpu4,cur:1851000,set:1984000,set ndiv:155
[14980.916590] cpufreq: cpu0,cur:1799000,set:1984000,set ndiv:155
[14981.918505] cpufreq: cpu4,cur:2120000,set:1984000,set ndiv:155
[14987.922257] cpufreq: cpu0,cur:1810000,set:1984000,set ndiv:155
[14988.928498] cpufreq: cpu4,cur:2117000,set:1984000,set ndiv:155
[14989.925298] cpufreq: cpu0,cur:1734000,set:1984000,set ndiv:155
[14990.928264] cpufreq: cpu4,cur:1799000,set:1984000,set ndiv:155
[14992.928158] cpufreq: cpu0,cur:2103000,set:1984000,set ndiv:155
[14993.929154] cpufreq: cpu0,cur:2108000,set:1984000,set ndiv:155
[14997.937207] cpufreq: cpu4,cur:1842000,set:1984000,set ndiv:155
[14998.931911] cpufreq: cpu0,cur:1827000,set:1984000,set ndiv:155
[15000.933772] cpufreq: cpu0,cur:2148000,set:1984000,set ndiv:155
[15001.935819] cpufreq: cpu0,cur:2119000,set:1984000,set ndiv:155
[15002.939833] cpufreq: cpu4,cur:2131000,set:1984000,set ndiv:155
[15005.944919] cpufreq: cpu4,cur:2115000,set:1984000,set ndiv:155
[15006.941590] cpufreq: cpu0,cur:2176000,set:1984000,set ndiv:155
[15008.945551] cpufreq: cpu4,cur:1862000,set:1984000,set ndiv:155
[15009.947727] cpufreq: cpu4,cur:2153000,set:1984000,set ndiv:155
[15015.951482] cpufreq: cpu4,cur:1853000,set:1984000,set ndiv:155
[15019.953238] cpufreq: cpu0,cur:1839000,set:1984000,set ndiv:155
[15020.952009] cpufreq: cpu0,cur:1861000,set:1984000,set ndiv:155
[15020.953187] cpufreq: cpu0,cur:1803000,set:1984000,set ndiv:155
[15024.960063] cpufreq: cpu4,cur:1802000,set:1984000,set ndiv:155
[15028.959722] cpufreq: cpu0,cur:2110000,set:1984000,set ndiv:155
[15028.965093] cpufreq: cpu4,cur:2136000,set:1984000,set ndiv:155
[15030.968924] cpufreq: cpu4,cur:2159000,set:1984000,set ndiv:155
[15033.967718] cpufreq: cpu0,cur:2102000,set:1984000,set ndiv:155
[15035.970764] cpufreq: cpu4,cur:1853000,set:1984000,set ndiv:155
[15040.975487] cpufreq: cpu4,cur:2143000,set:1984000,set ndiv:155
[15042.975379] cpufreq: cpu0,cur:1868000,set:1984000,set ndiv:155
[15044.982487] cpufreq: cpu4,cur:2119000,set:1984000,set ndiv:155
[15048.984246] cpufreq: cpu4,cur:2103000,set:1984000,set ndiv:155
[15049.986292] cpufreq: cpu4,cur:2191000,set:1984000,set ndiv:155
[15051.984088] cpufreq: cpu0,cur:2111000,set:1984000,set ndiv:155
[15053.990408] cpufreq: cpu4,cur:1854000,set:1984000,set ndiv:155
[15054.987999] cpufreq: cpu0,cur:2129000,set:1984000,set ndiv:155
[15055.988079] cpufreq: cpu0,cur:1798000,set:1984000,set ndiv:155
[15055.992400] cpufreq: cpu4,cur:1868000,set:1984000,set ndiv:155
[15056.994054] cpufreq: cpu4,cur:2122000,set:1984000,set ndiv:155
[15058.995001] cpufreq: cpu4,cur:2132000,set:1984000,set ndiv:155
[15059.995867] cpufreq: cpu4,cur:2173000,set:1984000,set ndiv:155
[15065.001245] cpufreq: cpu4,cur:2107000,set:1984000,set ndiv:155
[15066.000011] cpufreq: cpu4,cur:2117000,set:1984000,set ndiv:155
[15071.006963] cpufreq: cpu4,cur:1863000,set:1984000,set ndiv:155
[15072.003631] cpufreq: cpu0,cur:1848000,set:1984000,set ndiv:155
[15074.009691] cpufreq: cpu4,cur:1844000,set:1984000,set ndiv:155
[15077.006519] cpufreq: cpu0,cur:1821000,set:1984000,set ndiv:155
[15078.010536] cpufreq: cpu4,cur:2180000,set:1984000,set ndiv:155
[15080.013446] cpufreq: cpu4,cur:2131000,set:1984000,set ndiv:155
[15082.014521] cpufreq: cpu4,cur:2150000,set:1984000,set ndiv:155
[15084.017433] cpufreq: cpu4,cur:1859000,set:1984000,set ndiv:155
[15086.019425] cpufreq: cpu4,cur:2147000,set:1984000,set ndiv:155
[15091.025459] cpufreq: cpu4,cur:2157000,set:1984000,set ndiv:155
[15096.025985] cpufreq: cpu0,cur:2175000,set:1984000,set ndiv:155
[15098.030995] cpufreq: cpu4,cur:1859000,set:1984000,set ndiv:155
[15103.030735] cpufreq: cpu0,cur:1842000,set:1984000,set ndiv:155
[15106.037660] cpufreq: cpu4,cur:2118000,set:1984000,set ndiv:155
[15108.040571] cpufreq: cpu4,cur:2105000,set:1984000,set ndiv:155
[15109.040650] cpufreq: cpu4,cur:1843000,set:1984000,set ndiv:155
[15111.042513] cpufreq: cpu4,cur:1803000,set:1984000,set ndiv:155
[15113.045555] cpufreq: cpu4,cur:2262000,set:1984000,set ndiv:155
[15115.048466] cpufreq: cpu4,cur:1820000,set:1984000,set ndiv:155
[15116.048283] cpufreq: cpu4,cur:1835000,set:1984000,set ndiv:155
[15118.049229] cpufreq: cpu4,cur:1833000,set:1984000,set ndiv:155
[15124.053243] cpufreq: cpu4,cur:2115000,set:1984000,set ndiv:155
[15126.058250] cpufreq: cpu4,cur:1816000,set:1984000,set ndiv:155
[15127.059378] cpufreq: cpu4,cur:2170000,set:1984000,set ndiv:155
[15128.053954] cpufreq: cpu0,cur:1839000,set:1984000,set ndiv:155
[15131.062192] cpufreq: cpu4,cur:1855000,set:1984000,set ndiv:155
[15132.059905] cpufreq: cpu0,cur:1857000,set:1984000,set ndiv:155
[15133.059854] cpufreq: cpu0,cur:1862000,set:1984000,set ndiv:155
[15134.060854] cpufreq: cpu0,cur:1863000,set:1984000,set ndiv:155
[15134.066092] cpufreq: cpu4,cur:2117000,set:1984000,set ndiv:155
[15136.067957] cpufreq: cpu4,cur:1854000,set:1984000,set ndiv:155
[15137.063711] cpufreq: cpu0,cur:2139000,set:1984000,set ndiv:155
[15139.068722] cpufreq: cpu4,cur:2180000,set:1984000,set ndiv:155
[15143.068513] cpufreq: cpu0,cur:2134000,set:1984000,set ndiv:155
[15147.077482] cpufreq: cpu4,cur:2159000,set:1984000,set ndiv:155
[15150.081521] cpufreq: cpu4,cur:1842000,set:1984000,set ndiv:155
[15152.081549] cpufreq: cpu4,cur:1817000,set:1984000,set ndiv:155
[15153.081497] cpufreq: cpu4,cur:2178000,set:1984000,set ndiv:155
[15154.080395] cpufreq: cpu0,cur:2118000,set:1984000,set ndiv:155
[15159.089314] cpufreq: cpu4,cur:2125000,set:1984000,set ndiv:155
[15160.090442] cpufreq: cpu4,cur:2201000,set:1984000,set ndiv:155
[15164.089054] cpufreq: cpu0,cur:1841000,set:1984000,set ndiv:155
[15167.097027] cpufreq: cpu4,cur:2130000,set:1984000,set ndiv:155
[15169.094823] cpufreq: cpu0,cur:2158000,set:1984000,set ndiv:155
[15172.099914] cpufreq: cpu4,cur:1843000,set:1984000,set ndiv:155
[15174.102826] cpufreq: cpu4,cur:1818000,set:1984000,set ndiv:155
[15176.100622] cpufreq: cpu0,cur:2132000,set:1984000,set ndiv:155
[15177.104767] cpufreq: cpu4,cur:1855000,set:1984000,set ndiv:155
[15180.107626] cpufreq: cpu4,cur:2145000,set:1984000,set ndiv:155
[15181.108492] cpufreq: cpu4,cur:1835000,set:1984000,set ndiv:155
[15185.112349] cpufreq: cpu4,cur:2106000,set:1984000,set ndiv:155
[15187.114344] cpufreq: cpu4,cur:2100000,set:1984000,set ndiv:155
[15188.115340] cpufreq: cpu4,cur:1833000,set:1984000,set ndiv:155
[15190.119298] cpufreq: cpu4,cur:1843000,set:1984000,set ndiv:155
[15191.116099] cpufreq: cpu0,cur:1818000,set:1984000,set ndiv:155
[15193.120192] cpufreq: cpu4,cur:1793000,set:1984000,set ndiv:155
[15196.123052] cpufreq: cpu4,cur:2175000,set:1984000,set ndiv:155
[15199.127091] cpufreq: cpu4,cur:2150000,set:1984000,set ndiv:155
[15200.127039] cpufreq: cpu4,cur:2117000,set:1984000,set ndiv:155
[15201.129085] cpufreq: cpu4,cur:1858000,set:1984000,set ndiv:155
[15202.130219] cpufreq: cpu4,cur:1813000,set:1984000,set ndiv:155
[15204.131814] cpufreq: cpu4,cur:2199000,set:1984000,set ndiv:155
[15205.131761] cpufreq: cpu4,cur:1862000,set:1984000,set ndiv:155
[15211.137614] cpufreq: cpu4,cur:2119000,set:1984000,set ndiv:155
[15213.133314] cpufreq: cpu0,cur:1863000,set:1984000,set ndiv:155
[15213.138687] cpufreq: cpu4,cur:1832000,set:1984000,set ndiv:155
[15216.142465] cpufreq: cpu4,cur:2123000,set:1984000,set ndiv:155
[15220.139113] cpufreq: cpu0,cur:1838000,set:1984000,set ndiv:155
[15220.146451] cpufreq: cpu4,cur:1864000,set:1984000,set ndiv:155
[15221.143384] cpufreq: cpu0,cur:2112000,set:1984000,set ndiv:155
[15222.145304] cpufreq: cpu4,cur:1845000,set:1984000,set ndiv:155
[15224.146112] cpufreq: cpu0,cur:1830000,set:1984000,set ndiv:155
[15227.153299] cpufreq: cpu4,cur:1776000,set:1984000,set ndiv:155
[15230.154062] cpufreq: cpu4,cur:2144000,set:1984000,set ndiv:155
[15231.157155] cpufreq: cpu4,cur:2125000,set:1984000,set ndiv:155
[15234.153721] cpufreq: cpu0,cur:2132000,set:1984000,set ndiv:155
[15235.159047] cpufreq: cpu4,cur:2179000,set:1984000,set ndiv:155
[15237.163005] cpufreq: cpu4,cur:1827000,set:1984000,set ndiv:155
[15249.172604] cpufreq: cpu4,cur:1787000,set:1984000,set ndiv:155
[15258.180139] cpufreq: cpu4,cur:1807000,set:1984000,set ndiv:155
[15260.184229] cpufreq: cpu4,cur:2163000,set:1984000,set ndiv:155
[15263.184077] cpufreq: cpu4,cur:1862000,set:1984000,set ndiv:155
[15264.184021] cpufreq: cpu0,cur:2107000,set:1984000,set ndiv:155
[15265.189082] cpufreq: cpu4,cur:1849000,set:1984000,set ndiv:155
[15266.188900] cpufreq: cpu4,cur:2101000,set:1984000,set ndiv:155
[15268.185650] cpufreq: cpu0,cur:1848000,set:1984000,set ndiv:155
[15270.187643] cpufreq: cpu0,cur:1847000,set:1984000,set ndiv:155
[15271.191791] cpufreq: cpu4,cur:2103000,set:1984000,set ndiv:155
[15276.196512] cpufreq: cpu4,cur:2106000,set:1984000,set ndiv:155
[15279.200414] cpufreq: cpu4,cur:2173000,set:1984000,set ndiv:155
[15281.200314] cpufreq: cpu0,cur:1854000,set:1984000,set ndiv:155
[15282.199214] cpufreq: cpu0,cur:2150000,set:1984000,set ndiv:155
[15282.204451] cpufreq: cpu4,cur:2120000,set:1984000,set ndiv:155
[15285.207315] cpufreq: cpu4,cur:2143000,set:1984000,set ndiv:155
[15286.208313] cpufreq: cpu4,cur:2110000,set:1984000,set ndiv:155
[15287.208130] cpufreq: cpu4,cur:2110000,set:1984000,set ndiv:155
[15290.209024] cpufreq: cpu0,cur:1851000,set:1984000,set ndiv:155
[15294.216288] cpufreq: cpu4,cur:1810000,set:1984000,set ndiv:155
[15300.221089] cpufreq: cpu4,cur:2177000,set:1984000,set ndiv:155
[15303.223818] cpufreq: cpu4,cur:1859000,set:1984000,set ndiv:155
[15304.219701] cpufreq: cpu0,cur:1788000,set:1984000,set ndiv:155
[15308.226706] cpufreq: cpu4,cur:2155000,set:1984000,set ndiv:155
[15309.224555] cpufreq: cpu0,cur:2123000,set:1984000,set ndiv:155
[15312.228463] cpufreq: cpu0,cur:1853000,set:1984000,set ndiv:155
[15313.231429] cpufreq: cpu4,cur:1839000,set:1984000,set ndiv:155
[15317.237512] cpufreq: cpu4,cur:2124000,set:1984000,set ndiv:155
[15319.238326] cpufreq: cpu4,cur:2111000,set:1984000,set ndiv:155
[15320.236305] cpufreq: cpu0,cur:1801000,set:1984000,set ndiv:155
[15320.238535] cpufreq: cpu4,cur:2214000,set:1984000,set ndiv:155
[15321.238225] cpufreq: cpu4,cur:2136000,set:1984000,set ndiv:155
[15324.243310] cpufreq: cpu4,cur:2159000,set:1984000,set ndiv:155
[15327.247217] cpufreq: cpu4,cur:2173000,set:1984000,set ndiv:155
[15336.254878] cpufreq: cpu4,cur:2246000,set:1984000,set ndiv:155
[15338.253728] cpufreq: cpu0,cur:2230000,set:1984000,set ndiv:155
[15340.253624] cpufreq: cpu0,cur:1836000,set:1984000,set ndiv:155
[15346.259474] cpufreq: cpu0,cur:2133000,set:1984000,set ndiv:155
[15346.264714] cpufreq: cpu4,cur:1812000,set:1984000,set ndiv:155
[15347.262437] cpufreq: cpu0,cur:2108000,set:1984000,set ndiv:155
[15351.267345] cpufreq: cpu4,cur:2126000,set:1984000,set ndiv:155
[15354.271250] cpufreq: cpu4,cur:2133000,set:1984000,set ndiv:155
[15355.269100] cpufreq: cpu0,cur:1864000,set:1984000,set ndiv:155
[15357.274110] cpufreq: cpu4,cur:1849000,set:1984000,set ndiv:155
[15361.277966] cpufreq: cpu4,cur:2100000,set:1984000,set ndiv:155
[15363.278913] cpufreq: cpu4,cur:1859000,set:1984000,set ndiv:155
[15367.282898] cpufreq: cpu4,cur:1858000,set:1984000,set ndiv:155
[15369.280697] cpufreq: cpu0,cur:2116000,set:1984000,set ndiv:155
[15370.285756] cpufreq: cpu4,cur:1779000,set:1984000,set ndiv:155
[15373.289795] cpufreq: cpu4,cur:1844000,set:1984000,set ndiv:155
[15375.286549] cpufreq: cpu0,cur:2134000,set:1984000,set ndiv:155
[15377.293652] cpufreq: cpu4,cur:1824000,set:1984000,set ndiv:155
[15379.296563] cpufreq: cpu4,cur:2111000,set:1984000,set ndiv:155
[15380.293367] cpufreq: cpu0,cur:1851000,set:1984000,set ndiv:155
[15383.299503] cpufreq: cpu4,cur:1868000,set:1984000,set ndiv:155
[15384.300238] cpufreq: cpu4,cur:2117000,set:1984000,set ndiv:155
[15389.306270] cpufreq: cpu4,cur:2129000,set:1984000,set ndiv:155
[15393.308029] cpufreq: cpu4,cur:1857000,set:1984000,set ndiv:155
[15397.312015] cpufreq: cpu4,cur:2137000,set:1984000,set ndiv:155
[15404.319783] cpufreq: cpu4,cur:1833000,set:1984000,set ndiv:155
[15405.316454] cpufreq: cpu0,cur:1836000,set:1984000,set ndiv:155
[15406.319415] cpufreq: cpu4,cur:1864000,set:1984000,set ndiv:155
[15407.323560] cpufreq: cpu4,cur:2135000,set:1984000,set ndiv:155
[15408.323377] cpufreq: cpu4,cur:1827000,set:1984000,set ndiv:155
[15409.324505] cpufreq: cpu4,cur:2161000,set:1984000,set ndiv:155
[15411.321778] cpufreq: cpu0,cur:2126000,set:1984000,set ndiv:155
[15413.327837] cpufreq: cpu4,cur:1774000,set:1984000,set ndiv:155
[15414.328702] cpufreq: cpu4,cur:2160000,set:1984000,set ndiv:155
[15421.332142] cpufreq: cpu0,cur:1865000,set:1984000,set ndiv:155
[15422.335234] cpufreq: cpu4,cur:1857000,set:1984000,set ndiv:155
[15424.337095] cpufreq: cpu4,cur:1862000,set:1984000,set ndiv:155
